Archive member included because of file (symbol)

c:/program files/atmel/atmel toolchain/avr8 gcc/native/3.4.1061/avr8-gnu-toolchain/bin/../lib/gcc/avr/4.8.1/../../../../avr/lib/avrxmega2\libm.a(addsf3.o)
                              src/MS5611.o (__subsf3)
c:/program files/atmel/atmel toolchain/avr8 gcc/native/3.4.1061/avr8-gnu-toolchain/bin/../lib/gcc/avr/4.8.1/../../../../avr/lib/avrxmega2\libm.a(addsf3x.o)
                              c:/program files/atmel/atmel toolchain/avr8 gcc/native/3.4.1061/avr8-gnu-toolchain/bin/../lib/gcc/avr/4.8.1/../../../../avr/lib/avrxmega2\libm.a(addsf3.o) (__addsf3x)
c:/program files/atmel/atmel toolchain/avr8 gcc/native/3.4.1061/avr8-gnu-toolchain/bin/../lib/gcc/avr/4.8.1/../../../../avr/lib/avrxmega2\libm.a(cmpsf2.o)
                              src/MS5611.o (__ltsf2)
c:/program files/atmel/atmel toolchain/avr8 gcc/native/3.4.1061/avr8-gnu-toolchain/bin/../lib/gcc/avr/4.8.1/../../../../avr/lib/avrxmega2\libm.a(divsf3.o)
                              src/MS5611.o (__divsf3)
c:/program files/atmel/atmel toolchain/avr8 gcc/native/3.4.1061/avr8-gnu-toolchain/bin/../lib/gcc/avr/4.8.1/../../../../avr/lib/avrxmega2\libm.a(divsf3x.o)
                              c:/program files/atmel/atmel toolchain/avr8 gcc/native/3.4.1061/avr8-gnu-toolchain/bin/../lib/gcc/avr/4.8.1/../../../../avr/lib/avrxmega2\libm.a(divsf3.o) (__divsf3x)
c:/program files/atmel/atmel toolchain/avr8 gcc/native/3.4.1061/avr8-gnu-toolchain/bin/../lib/gcc/avr/4.8.1/../../../../avr/lib/avrxmega2\libm.a(fixsfsi.o)
                              src/MS5611.o (__fixsfsi)
c:/program files/atmel/atmel toolchain/avr8 gcc/native/3.4.1061/avr8-gnu-toolchain/bin/../lib/gcc/avr/4.8.1/../../../../avr/lib/avrxmega2\libm.a(fixunssfsi.o)
                              c:/program files/atmel/atmel toolchain/avr8 gcc/native/3.4.1061/avr8-gnu-toolchain/bin/../lib/gcc/avr/4.8.1/../../../../avr/lib/avrxmega2\libm.a(fixsfsi.o) (__fixunssfsi)
c:/program files/atmel/atmel toolchain/avr8 gcc/native/3.4.1061/avr8-gnu-toolchain/bin/../lib/gcc/avr/4.8.1/../../../../avr/lib/avrxmega2\libm.a(floatsisf.o)
                              src/MS5611.o (__floatunsisf)
c:/program files/atmel/atmel toolchain/avr8 gcc/native/3.4.1061/avr8-gnu-toolchain/bin/../lib/gcc/avr/4.8.1/../../../../avr/lib/avrxmega2\libm.a(fp_cmp.o)
                              c:/program files/atmel/atmel toolchain/avr8 gcc/native/3.4.1061/avr8-gnu-toolchain/bin/../lib/gcc/avr/4.8.1/../../../../avr/lib/avrxmega2\libm.a(cmpsf2.o) (__fp_cmp)
c:/program files/atmel/atmel toolchain/avr8 gcc/native/3.4.1061/avr8-gnu-toolchain/bin/../lib/gcc/avr/4.8.1/../../../../avr/lib/avrxmega2\libm.a(fp_inf.o)
                              c:/program files/atmel/atmel toolchain/avr8 gcc/native/3.4.1061/avr8-gnu-toolchain/bin/../lib/gcc/avr/4.8.1/../../../../avr/lib/avrxmega2\libm.a(addsf3x.o) (__fp_inf)
c:/program files/atmel/atmel toolchain/avr8 gcc/native/3.4.1061/avr8-gnu-toolchain/bin/../lib/gcc/avr/4.8.1/../../../../avr/lib/avrxmega2\libm.a(fp_nan.o)
                              c:/program files/atmel/atmel toolchain/avr8 gcc/native/3.4.1061/avr8-gnu-toolchain/bin/../lib/gcc/avr/4.8.1/../../../../avr/lib/avrxmega2\libm.a(addsf3x.o) (__fp_nan)
c:/program files/atmel/atmel toolchain/avr8 gcc/native/3.4.1061/avr8-gnu-toolchain/bin/../lib/gcc/avr/4.8.1/../../../../avr/lib/avrxmega2\libm.a(fp_pscA.o)
                              c:/program files/atmel/atmel toolchain/avr8 gcc/native/3.4.1061/avr8-gnu-toolchain/bin/../lib/gcc/avr/4.8.1/../../../../avr/lib/avrxmega2\libm.a(addsf3x.o) (__fp_pscA)
c:/program files/atmel/atmel toolchain/avr8 gcc/native/3.4.1061/avr8-gnu-toolchain/bin/../lib/gcc/avr/4.8.1/../../../../avr/lib/avrxmega2\libm.a(fp_pscB.o)
                              c:/program files/atmel/atmel toolchain/avr8 gcc/native/3.4.1061/avr8-gnu-toolchain/bin/../lib/gcc/avr/4.8.1/../../../../avr/lib/avrxmega2\libm.a(addsf3x.o) (__fp_pscB)
c:/program files/atmel/atmel toolchain/avr8 gcc/native/3.4.1061/avr8-gnu-toolchain/bin/../lib/gcc/avr/4.8.1/../../../../avr/lib/avrxmega2\libm.a(fp_round.o)
                              c:/program files/atmel/atmel toolchain/avr8 gcc/native/3.4.1061/avr8-gnu-toolchain/bin/../lib/gcc/avr/4.8.1/../../../../avr/lib/avrxmega2\libm.a(addsf3.o) (__fp_round)
c:/program files/atmel/atmel toolchain/avr8 gcc/native/3.4.1061/avr8-gnu-toolchain/bin/../lib/gcc/avr/4.8.1/../../../../avr/lib/avrxmega2\libm.a(fp_split3.o)
                              c:/program files/atmel/atmel toolchain/avr8 gcc/native/3.4.1061/avr8-gnu-toolchain/bin/../lib/gcc/avr/4.8.1/../../../../avr/lib/avrxmega2\libm.a(addsf3x.o) (__fp_split3)
c:/program files/atmel/atmel toolchain/avr8 gcc/native/3.4.1061/avr8-gnu-toolchain/bin/../lib/gcc/avr/4.8.1/../../../../avr/lib/avrxmega2\libm.a(fp_zero.o)
                              c:/program files/atmel/atmel toolchain/avr8 gcc/native/3.4.1061/avr8-gnu-toolchain/bin/../lib/gcc/avr/4.8.1/../../../../avr/lib/avrxmega2\libm.a(addsf3x.o) (__fp_zero)
[...]
Memory Configuration

Name             Origin             Length             Attributes
text             0x00000000         0x00100000         xr
data             0x00802000         0x0000ffa0         rw !x
eeprom           0x00810000         0x00010000         rw !x
fuse             0x00820000         0x00000400         rw !x
lock             0x00830000         0x00000400         rw !x
signature        0x00840000         0x00000400         rw !x
user_signatures  0x00850000         0x00000400         rw !x
*default*        0x00000000         0xffffffff

Linker script and memory map

LOAD c:/program files/atmel/atmel toolchain/avr8 gcc/native/3.4.1061/avr8-gnu-toolchain/bin/../lib/gcc/avr/4.8.1/../../../../avr/lib/avrxmega2/crtx32a4u.o
LOAD src/ASF/xmega/drivers/spi/spi.o
LOAD src/MS5611.o
LOAD src/NRF24l01c.o
LOAD src/setting.o
LOAD src/SHT11.o
LOAD src/twi_master_driver.o
LOAD src/ASF/common/boards/user_board/init.o
LOAD src/ASF/common/services/clock/xmega/sysclk.o
LOAD src/ASF/common/services/ioport/xmega/ioport_compat.o
LOAD src/ASF/common/services/sleepmgr/xmega/sleepmgr.o
LOAD src/ASF/xmega/drivers/cpu/ccp.o
LOAD src/ASF/xmega/drivers/nvm/nvm.o
LOAD src/ASF/xmega/drivers/nvm/nvm_asm.o
LOAD src/ASF/xmega/drivers/tc/tc.o
LOAD src/ASF/xmega/drivers/usart/usart.o
LOAD src/main.o
START GROUP
LOAD c:/program files/atmel/atmel toolchain/avr8 gcc/native/3.4.1061/avr8-gnu-toolchain/bin/../lib/gcc/avr/4.8.1/../../../../avr/lib/avrxmega2\libm.a
END GROUP
START GROUP
LOAD c:/program files/atmel/atmel toolchain/avr8 gcc/native/3.4.1061/avr8-gnu-toolchain/bin/../lib/gcc/avr/4.8.1/avrxmega2\libgcc.a
LOAD c:/program files/atmel/atmel toolchain/avr8 gcc/native/3.4.1061/avr8-gnu-toolchain/bin/../lib/gcc/avr/4.8.1/../../../../avr/lib/avrxmega2\libm.a
LOAD c:/program files/atmel/atmel toolchain/avr8 gcc/native/3.4.1061/avr8-gnu-toolchain/bin/../lib/gcc/avr/4.8.1/../../../../avr/lib/avrxmega2\libc.a
END GROUP

.hash
 *(.hash)

.dynsym
 *(.dynsym)

.dynstr
 *(.dynstr)

.gnu.version
 *(.gnu.version)

.gnu.version_d
 *(.gnu.version_d)

.gnu.version_r
 *(.gnu.version_r)

.rel.init
 *(.rel.init)

.rela.init
 *(.rela.init)

.rel.text
 *(.rel.text)
 *(.rel.text.*)
 *(.rel.gnu.linkonce.t*)

.rela.text
 *(.rela.text)
 *(.rela.text.*)
 *(.rela.gnu.linkonce.t*)

.rel.fini
 *(.rel.fini)

.rela.fini
 *(.rela.fini)

.rel.rodata
 *(.rel.rodata)
 *(.rel.rodata.*)
 *(.rel.gnu.linkonce.r*)

.rela.rodata
 *(.rela.rodata)
 *(.rela.rodata.*)
 *(.rela.gnu.linkonce.r*)

.rel.data
 *(.rel.data)
 *(.rel.data.*)
 *(.rel.gnu.linkonce.d*)

.rela.data
 *(.rela.data)
 *(.rela.data.*)
 *(.rela.gnu.linkonce.d*)

.rel.ctors
 *(.rel.ctors)

.rela.ctors
 *(.rela.ctors)

.rel.dtors
 *(.rel.dtors)

.rela.dtors
 *(.rela.dtors)

.rel.got
 *(.rel.got)

.rela.got
 *(.rela.got)

.rel.bss
 *(.rel.bss)

.rela.bss
 *(.rela.bss)

.rel.plt
 *(.rel.plt)

.rela.plt
 *(.rela.plt)

.text           0x00000000     0x27fc
 *(.vectors)
 .vectors       0x00000000      0x1fc c:/program files/atmel/atmel toolchain/avr8 gcc/native/3.4.1061/avr8-gnu-toolchain/bin/../lib/gcc/avr/4.8.1/../../../../avr/lib/avrxmega2/crtx32a4u.o
                0x00000000                __vector_default
                0x00000000                __vectors
 *(.vectors)
 *(.progmem.gcc*)
                0x000001fc                . = ALIGN (0x2)
                0x000001fc                __trampolines_start = .
 *(.trampolines)
 .trampolines   0x000001fc        0x0 linker stubs
 *(.trampolines*)
                0x000001fc                __trampolines_end = .
 *(.progmem*)
                0x000001fc                . = ALIGN (0x2)
 *(.jumptables)
 *(.jumptables*)
 *(.lowtext)
 *(.lowtext*)
                0x000001fc                __ctors_start = .
 *(.ctors)
                0x000001fc                __ctors_end = .
                0x000001fc                __dtors_start = .
 *(.dtors)
                0x000001fc                __dtors_end = .
 SORT(*)(.ctors)
 SORT(*)(.dtors)
 *(.init0)
 .init0         0x000001fc        0x0 c:/program files/atmel/atmel toolchain/avr8 gcc/native/3.4.1061/avr8-gnu-toolchain/bin/../lib/gcc/avr/4.8.1/../../../../avr/lib/avrxmega2/crtx32a4u.o
                0x000001fc                __init
 *(.init0)
 *(.init1)
 *(.init1)
 *(.init2)
 .init2         0x000001fc        0xc c:/program files/atmel/atmel toolchain/avr8 gcc/native/3.4.1061/avr8-gnu-toolchain/bin/../lib/gcc/avr/4.8.1/../../../../avr/lib/avrxmega2/crtx32a4u.o
 *(.init2)
 *(.init3)
 *(.init3)
 *(.init4)
 .init4         0x00000208       0x16 c:/program files/atmel/atmel toolchain/avr8 gcc/native/3.4.1061/avr8-gnu-toolchain/bin/../lib/gcc/avr/4.8.1/avrxmega2\libgcc.a(_copy_data.o)
                0x00000208                __do_copy_data
 .init4         0x0000021e       0x10 c:/program files/atmel/atmel toolchain/avr8 gcc/native/3.4.1061/avr8-gnu-toolchain/bin/../lib/gcc/avr/4.8.1/avrxmega2\libgcc.a(_clear_bss.o)
                0x0000021e                __do_clear_bss
 *(.init4)
 *(.init5)
 *(.init5)
 *(.init6)
 *(.init6)
 *(.init7)
 *(.init7)
 *(.init8)
 *(.init8)
 *(.init9)
 .init9         0x0000022e        0x8 c:/program files/atmel/atmel toolchain/avr8 gcc/native/3.4.1061/avr8-gnu-toolchain/bin/../lib/gcc/avr/4.8.1/../../../../avr/lib/avrxmega2/crtx32a4u.o
 *(.init9)
 *(.text)
 .text          0x00000236        0x2 c:/program files/atmel/atmel toolchain/avr8 gcc/native/3.4.1061/avr8-gnu-toolchain/bin/../lib/gcc/avr/4.8.1/../../../../avr/lib/avrxmega2/crtx32a4u.o
                0x00000236                __vector_38
                0x00000236                __vector_104
                0x00000236                __vector_63
                0x00000236                __vector_28
                0x00000236                __vector_67
                0x00000236                __vector_1
                0x00000236                __vector_119
                0x00000236                __vector_32
                0x00000236                __vector_75
                0x00000236                __vector_71
                0x00000236                __vector_91
                0x00000236                __vector_34
                0x00000236                __vector_62
                0x00000236                __vector_102
                0x00000236                __vector_24
                0x00000236                __vector_12
                0x00000236                __vector_55
                0x00000236                __vector_69
                0x00000236                __vector_90
                0x00000236                __vector_46
                0x00000236                __bad_interrupt
                0x00000236                __vector_122
                0x00000236                __vector_72
                0x00000236                __vector_114
                0x00000236                __vector_6
                0x00000236                __vector_110
                0x00000236                __vector_31
                0x00000236                __vector_92
                0x00000236                __vector_35
                0x00000236                __vector_74
                0x00000236                __vector_117
                0x00000236                __vector_39
                0x00000236                __vector_107
                0x00000236                __vector_3
                0x00000236                __vector_105
                0x00000236                __vector_98
                0x00000236                __vector_68
                0x00000236                __vector_30
                0x00000236                __vector_73
                0x00000236                __vector_45
                0x00000236                __vector_25
                0x00000236                __vector_93
                0x00000236                __vector_61
                0x00000236                __vector_11
                0x00000236                __vector_54
                0x00000236                __vector_99
                0x00000236                __vector_56
                0x00000236                __vector_7
                0x00000236                __vector_125
                0x00000236                __vector_123
                0x00000236                __vector_41
                0x00000236                __vector_100
                0x00000236                __vector_101
                0x00000236                __vector_64
                0x00000236                __vector_88
                0x00000236                __vector_109
                0x00000236                __vector_43
                0x00000236                __vector_27
                0x00000236                __vector_5
                0x00000236                __vector_113
                0x00000236                __vector_33
                0x00000236                __vector_76
                0x00000236                __vector_115
                0x00000236                __vector_37
                0x00000236                __vector_95
                0x00000236                __vector_103
                0x00000236                __vector_96
                0x00000236                __vector_89
                0x00000236                __vector_108
                0x00000236                __vector_4
                0x00000236                __vector_44
                0x00000236                __vector_106
                0x00000236                __vector_118
                0x00000236                __vector_9
                0x00000236                __vector_2
                0x00000236                __vector_66
                0x00000236                __vector_36
                0x00000236                __vector_58
                0x00000236                __vector_70
                0x00000236                __vector_29
                0x00000236                __vector_60
                0x00000236                __vector_121
                0x00000236                __vector_40
                0x00000236                __vector_94
                0x00000236                __vector_126
                0x00000236                __vector_8
                0x00000236                __vector_26
                0x00000236                __vector_124
                0x00000236                __vector_116
                0x00000236                __vector_112
                0x00000236                __vector_111
                0x00000236                __vector_57
                0x00000236                __vector_53
                0x00000236                __vector_10
                0x00000236                __vector_59
                0x00000236                __vector_97
                0x00000236                __vector_42
                0x00000236                __vector_87
                0x00000236                __vector_65
                0x00000236                __vector_120
                0x00000238                . = ALIGN (0x2)
 *(.text.*)
 .text.spi_xmega_set_baud_div
                0x00000238       0x90 src/ASF/xmega/drivers/spi/spi.o
                0x00000238                spi_xmega_set_baud_div
 .text.MS5611_calculate
                0x000002c8      0x4e4 src/MS5611.o
                0x000002c8                MS5611_calculate
 .text.MS5611_reset
                0x000007ac       0x32 src/MS5611.o
                0x000007ac                MS5611_reset
 .text.MS5611_read_PROM
                0x000007de       0xd8 src/MS5611.o
                0x000007de                MS5611_read_PROM
 .text.read_d_command
                0x000008b6       0x34 src/MS5611.o
                0x000008b6                read_d_command
 .text.ADC_read_command
                0x000008ea       0x90 src/MS5611.o
                0x000008ea                ADC_read_command
 .text.MS5611_measure
                0x0000097a       0xf0 src/MS5611.o
                0x0000097a                MS5611_measure
 .text.UART_SEND
                0x00000a6a       0x32 src/setting.o
                0x00000a6a                UART_SEND
 .text.En_RC32M
                0x00000a9c       0x2a src/setting.o
                0x00000a9c                En_RC32M
 .text.PORT_init
                0x00000ac6       0x50 src/setting.o
                0x00000ac6                PORT_init
 .text.USARTD0_init
                0x00000b16       0x44 src/setting.o
                0x00000b16                USARTD0_init
 .text.TimerD0_init
                0x00000b5a       0x34 src/setting.o
                0x00000b5a                TimerD0_init
 .text.SPI_Init
                0x00000b8e       0x30 src/setting.o
                0x00000b8e                SPI_Init
 .text.set_micro
                0x00000bbe       0x2c src/setting.o
                0x00000bbe                set_micro
 .text.variable_init
                0x00000bea       0x10 src/setting.o
                0x00000bea                variable_init
 .text.SHT_WriteByte
                0x00000bfa       0x5a src/SHT11.o
                0x00000bfa                SHT_WriteByte
 .text.SHT_ReadByte
                0x00000c54       0x6a src/SHT11.o
                0x00000c54                SHT_ReadByte
 .text.s_transstart
                0x00000cbe       0x66 src/SHT11.o
                0x00000cbe                s_transstart
 .text.s_connectionreset
                0x00000d24       0x2e src/SHT11.o
                0x00000d24                s_connectionreset
 .text.SHT11_softreset
                0x00000d52        0x8 src/SHT11.o
                0x00000d52                SHT11_softreset
 .text.s_measure
                0x00000d5a       0x30 src/SHT11.o
                0x00000d5a                s_measure
 .text.calc_sth11
                0x00000d8a      0x17e src/SHT11.o
                0x00000d8a                calc_sth11
 .text.SHT11_GetResult
                0x00000f08       0x4a src/SHT11.o
                0x00000f08                SHT11_GetResult
 .text.SHT11_measure
                0x00000f52      0x1ac src/SHT11.o
                0x00000f52                SHT11_measure
 .text.TWI_MasterInit
                0x000010fe       0x22 src/twi_master_driver.o
                0x000010fe                TWI_MasterInit
 .text.TWI_MasterWriteRead
                0x00001120       0x88 src/twi_master_driver.o
                0x00001120                TWI_MasterWriteRead
 .text.TWI_MasterArbitrationLostBusErrorHandler
                0x000011a8       0x24 src/twi_master_driver.o
                0x000011a8                TWI_MasterArbitrationLostBusErrorHandler
 .text.TWI_MasterWriteHandler
                0x000011cc       0x64 src/twi_master_driver.o
                0x000011cc                TWI_MasterWriteHandler
 .text.TWI_MasterReadHandler
                0x00001230       0x5a src/twi_master_driver.o
                0x00001230                TWI_MasterReadHandler
 .text.TWI_MasterInterruptHandler
                0x0000128a       0x2c src/twi_master_driver.o
                0x0000128a                TWI_MasterInterruptHandler
 .text.sysclk_enable_module
                0x000012b6       0x18 src/ASF/common/services/clock/xmega/sysclk.o
                0x000012b6                sysclk_enable_module
 .text.__vector_14
                0x000012ce       0x52 src/ASF/xmega/drivers/tc/tc.o
                0x000012ce                __vector_14
 .text.__vector_15
                0x00001320       0x52 src/ASF/xmega/drivers/tc/tc.o
                0x00001320                __vector_15
 .text.__vector_16
                0x00001372       0x52 src/ASF/xmega/drivers/tc/tc.o
                0x00001372                __vector_16
 .text.__vector_17
                0x000013c4       0x52 src/ASF/xmega/drivers/tc/tc.o
                0x000013c4                __vector_17
 .text.__vector_18
                0x00001416       0x52 src/ASF/xmega/drivers/tc/tc.o
                0x00001416                __vector_18
 .text.__vector_19
                0x00001468       0x52 src/ASF/xmega/drivers/tc/tc.o
                0x00001468                __vector_19
 .text.__vector_20
                0x000014ba       0x52 src/ASF/xmega/drivers/tc/tc.o
                0x000014ba                __vector_20
 .text.__vector_21
                0x0000150c       0x52 src/ASF/xmega/drivers/tc/tc.o
                0x0000150c                __vector_21
 .text.__vector_22
                0x0000155e       0x52 src/ASF/xmega/drivers/tc/tc.o
                0x0000155e                __vector_22
 .text.__vector_23
                0x000015b0       0x52 src/ASF/xmega/drivers/tc/tc.o
                0x000015b0                __vector_23
 .text.__vector_78
                0x00001602       0x52 src/ASF/xmega/drivers/tc/tc.o
                0x00001602                __vector_78
 .text.__vector_79
                0x00001654       0x52 src/ASF/xmega/drivers/tc/tc.o
                0x00001654                __vector_79
 .text.__vector_80
                0x000016a6       0x52 src/ASF/xmega/drivers/tc/tc.o
                0x000016a6                __vector_80
 .text.__vector_81
                0x000016f8       0x52 src/ASF/xmega/drivers/tc/tc.o
                0x000016f8                __vector_81
 .text.__vector_82
                0x0000174a       0x52 src/ASF/xmega/drivers/tc/tc.o
                0x0000174a                __vector_82
 .text.__vector_83
                0x0000179c       0x52 src/ASF/xmega/drivers/tc/tc.o
                0x0000179c                __vector_83
 .text.__vector_84
                0x000017ee       0x52 src/ASF/xmega/drivers/tc/tc.o
                0x000017ee                __vector_84
 .text.__vector_85
                0x00001840       0x52 src/ASF/xmega/drivers/tc/tc.o
                0x00001840                __vector_85
 .text.__vector_86
                0x00001892       0x52 src/ASF/xmega/drivers/tc/tc.o
                0x00001892                __vector_86
 .text.__vector_47
                0x000018e4       0x52 src/ASF/xmega/drivers/tc/tc.o
                0x000018e4                __vector_47
 .text.__vector_48
                0x00001936       0x52 src/ASF/xmega/drivers/tc/tc.o
                0x00001936                __vector_48
 .text.__vector_49
                0x00001988       0x52 src/ASF/xmega/drivers/tc/tc.o
                0x00001988                __vector_49
 .text.__vector_50
                0x000019da       0x52 src/ASF/xmega/drivers/tc/tc.o
                0x000019da                __vector_50
 .text.__vector_51
                0x00001a2c       0x52 src/ASF/xmega/drivers/tc/tc.o
                0x00001a2c                __vector_51
 .text.__vector_52
                0x00001a7e       0x52 src/ASF/xmega/drivers/tc/tc.o
                0x00001a7e                __vector_52
 .text.tc_enable
                0x00001ad0       0x90 src/ASF/xmega/drivers/tc/tc.o
                0x00001ad0                tc_enable
 .text.usart_putchar
                0x00001b60       0x10 src/ASF/xmega/drivers/usart/usart.o
                0x00001b60                usart_putchar
 .text.usart_set_baudrate
                0x00001b70      0x20c src/ASF/xmega/drivers/usart/usart.o
                0x00001b70                usart_set_baudrate
 .text.main     0x00001d7c       0x32 src/main.o
                0x00001d7c                main
 .text.__vector_13
                0x00001dae       0x4a src/main.o
                0x00001dae                __vector_13
 .text.__vector_77
                0x00001df8       0x14 src/main.o
                0x00001df8                __vector_77
 .text.avr-libc.fplib
                0x00001e0c        0xa c:/program files/atmel/atmel toolchain/avr8 gcc/native/3.4.1061/avr8-gnu-toolchain/bin/../lib/gcc/avr/4.8.1/../../../../avr/lib/avrxmega2\libm.a(addsf3.o)
                0x00001e0c                __subsf3
                0x00001e0e                __addsf3
 .text.avr-libc.fplib
                0x00001e16       0xc0 c:/program files/atmel/atmel toolchain/avr8 gcc/native/3.4.1061/avr8-gnu-toolchain/bin/../lib/gcc/avr/4.8.1/../../../../avr/lib/avrxmega2\libm.a(addsf3x.o)
                0x00001e30                __addsf3x
 .text.avr-libc.fplib
                0x00001ed6        0x8 c:/program files/atmel/atmel toolchain/avr8 gcc/native/3.4.1061/avr8-gnu-toolchain/bin/../lib/gcc/avr/4.8.1/../../../../avr/lib/avrxmega2\libm.a(cmpsf2.o)
                0x00001ed6                __nesf2
                0x00001ed6                __eqsf2
                0x00001ed6                __cmpsf2
                0x00001ed6                __ltsf2
                0x00001ed6                __lesf2
 .text.avr-libc.fplib
                0x00001ede        0x4 c:/program files/atmel/atmel toolchain/avr8 gcc/native/3.4.1061/avr8-gnu-toolchain/bin/../lib/gcc/avr/4.8.1/../../../../avr/lib/avrxmega2\libm.a(divsf3.o)
                0x00001ede                __divsf3
 .text.avr-libc.fplib
                0x00001ee2       0xcc c:/program files/atmel/atmel toolchain/avr8 gcc/native/3.4.1061/avr8-gnu-toolchain/bin/../lib/gcc/avr/4.8.1/../../../../avr/lib/avrxmega2\libm.a(divsf3x.o)
                0x00001ef8                __divsf3x
                0x00001efc                __divsf3_pse
 .text.avr-libc.fplib
                0x00001fae        0xa c:/program files/atmel/atmel toolchain/avr8 gcc/native/3.4.1061/avr8-gnu-toolchain/bin/../lib/gcc/avr/4.8.1/../../../../avr/lib/avrxmega2\libm.a(fixsfsi.o)
                0x00001fae                __fixsfsi
 .text.avr-libc.fplib
                0x00001fb8       0x58 c:/program files/atmel/atmel toolchain/avr8 gcc/native/3.4.1061/avr8-gnu-toolchain/bin/../lib/gcc/avr/4.8.1/../../../../avr/lib/avrxmega2\libm.a(fixunssfsi.o)
                0x00001fb8                __fixunssfsi
 .text.avr-libc.fplib
                0x00002010       0x7a c:/program files/atmel/atmel toolchain/avr8 gcc/native/3.4.1061/avr8-gnu-toolchain/bin/../lib/gcc/avr/4.8.1/../../../../avr/lib/avrxmega2\libm.a(floatsisf.o)
                0x00002010                __floatunsisf
                0x00002014                __floatsisf
 .text.avr-libc.fplib
                0x0000208a       0x48 c:/program files/atmel/atmel toolchain/avr8 gcc/native/3.4.1061/avr8-gnu-toolchain/bin/../lib/gcc/avr/4.8.1/../../../../avr/lib/avrxmega2\libm.a(fp_cmp.o)
                0x0000208a                __fp_cmp
 .text.avr-libc.fplib
                0x000020d2        0xc c:/program files/atmel/atmel toolchain/avr8 gcc/native/3.4.1061/avr8-gnu-toolchain/bin/../lib/gcc/avr/4.8.1/../../../../avr/lib/avrxmega2\libm.a(fp_inf.o)
                0x000020d2                __fp_inf
 .text.avr-libc.fplib
                0x000020de        0x6 c:/program files/atmel/atmel toolchain/avr8 gcc/native/3.4.1061/avr8-gnu-toolchain/bin/../lib/gcc/avr/4.8.1/../../../../avr/lib/avrxmega2\libm.a(fp_nan.o)
                0x000020de                __fp_nan
 .text.avr-libc.fplib
                0x000020e4        0xe c:/program files/atmel/atmel toolchain/avr8 gcc/native/3.4.1061/avr8-gnu-toolchain/bin/../lib/gcc/avr/4.8.1/../../../../avr/lib/avrxmega2\libm.a(fp_pscA.o)
                0x000020e4                __fp_pscA
 .text.avr-libc.fplib
                0x000020f2        0xe c:/program files/atmel/atmel toolchain/avr8 gcc/native/3.4.1061/avr8-gnu-toolchain/bin/../lib/gcc/avr/4.8.1/../../../../avr/lib/avrxmega2\libm.a(fp_pscB.o)
                0x000020f2                __fp_pscB
 .text.avr-libc.fplib
                0x00002100       0x22 c:/program files/atmel/atmel toolchain/avr8 gcc/native/3.4.1061/avr8-gnu-toolchain/bin/../lib/gcc/avr/4.8.1/../../../../avr/lib/avrxmega2\libm.a(fp_round.o)
                0x00002100                __fp_round
 .text.avr-libc.fplib
                0x00002122       0x44 c:/program files/atmel/atmel toolchain/avr8 gcc/native/3.4.1061/avr8-gnu-toolchain/bin/../lib/gcc/avr/4.8.1/../../../../avr/lib/avrxmega2\libm.a(fp_split3.o)
                0x00002122                __fp_split3
                0x00002132                __fp_splitA
 .text.avr-libc.fplib
                0x00002166        0xe c:/program files/atmel/atmel toolchain/avr8 gcc/native/3.4.1061/avr8-gnu-toolchain/bin/../lib/gcc/avr/4.8.1/../../../../avr/lib/avrxmega2\libm.a(fp_zero.o)
                0x00002166                __fp_zero
                0x00002168                __fp_szero
 .text.avr-libc.fplib
                0x00002174        0x8 c:/program files/atmel/atmel toolchain/avr8 gcc/native/3.4.1061/avr8-gnu-toolchain/bin/../lib/gcc/avr/4.8.1/../../../../avr/lib/avrxmega2\libm.a(gesf2.o)
                0x00002174                __gesf2
                0x00002174                __gtsf2
 .text.avr-libc.fplib
                0x0000217c        0x4 c:/program files/atmel/atmel toolchain/avr8 gcc/native/3.4.1061/avr8-gnu-toolchain/bin/../lib/gcc/avr/4.8.1/../../../../avr/lib/avrxmega2\libm.a(mulsf3.o)
                0x0000217c                __mulsf3
 .text.avr-libc.fplib
                0x00002180       0xc2 c:/program files/atmel/atmel toolchain/avr8 gcc/native/3.4.1061/avr8-gnu-toolchain/bin/../lib/gcc/avr/4.8.1/../../../../avr/lib/avrxmega2\libm.a(mulsf3x.o)
                0x00002194                __mulsf3x
                0x00002198                __mulsf3_pse
 .text.libgcc.div
                0x00002242       0x44 c:/program files/atmel/atmel toolchain/avr8 gcc/native/3.4.1061/avr8-gnu-toolchain/bin/../lib/gcc/avr/4.8.1/avrxmega2\libgcc.a(_udivmodsi4.o)
                0x00002242                __udivmodsi4
 .text.avr-libc
                0x00002286       0x3e c:/program files/atmel/atmel toolchain/avr8 gcc/native/3.4.1061/avr8-gnu-toolchain/bin/../lib/gcc/avr/4.8.1/../../../../avr/lib/avrxmega2\libc.a(sprintf.o)
                0x00002286                sprintf
 .text.avr-libc
                0x000022c4      0x386 c:/program files/atmel/atmel toolchain/avr8 gcc/native/3.4.1061/avr8-gnu-toolchain/bin/../lib/gcc/avr/4.8.1/../../../../avr/lib/avrxmega2\libc.a(vfprintf_std.o)
                0x000022c4                vfprintf
 .text.avr-libc
                0x0000264a       0x16 c:/program files/atmel/atmel toolchain/avr8 gcc/native/3.4.1061/avr8-gnu-toolchain/bin/../lib/gcc/avr/4.8.1/../../../../avr/lib/avrxmega2\libc.a(strnlen_P.o)
                0x0000264a                strnlen_P
 .text.avr-libc
                0x00002660       0x16 c:/program files/atmel/atmel toolchain/avr8 gcc/native/3.4.1061/avr8-gnu-toolchain/bin/../lib/gcc/avr/4.8.1/../../../../avr/lib/avrxmega2\libc.a(strnlen.o)
                0x00002660                strnlen
 .text.avr-libc
                0x00002676       0x64 c:/program files/atmel/atmel toolchain/avr8 gcc/native/3.4.1061/avr8-gnu-toolchain/bin/../lib/gcc/avr/4.8.1/../../../../avr/lib/avrxmega2\libc.a(fputc.o)
                0x00002676                fputc
 .text.avr-libc
                0x000026da       0xbc c:/program files/atmel/atmel toolchain/avr8 gcc/native/3.4.1061/avr8-gnu-toolchain/bin/../lib/gcc/avr/4.8.1/../../../../avr/lib/avrxmega2\libc.a(ultoa_invert.o)
                0x000026da                __ultoa_invert
 .text.libgcc.prologue
                0x00002796       0x32 c:/program files/atmel/atmel toolchain/avr8 gcc/native/3.4.1061/avr8-gnu-toolchain/bin/../lib/gcc/avr/4.8.1/avrxmega2\libgcc.a(_prologue.o)
                0x00002796                __prologue_saves__
 .text.libgcc.prologue
                0x000027c8       0x30 c:/program files/atmel/atmel toolchain/avr8 gcc/native/3.4.1061/avr8-gnu-toolchain/bin/../lib/gcc/avr/4.8.1/avrxmega2\libgcc.a(_epilogue.o)
                0x000027c8                __epilogue_restores__
                0x000027f8                . = ALIGN (0x2)
 *(.fini9)
 .fini9         0x000027f8        0x0 c:/program files/atmel/atmel toolchain/avr8 gcc/native/3.4.1061/avr8-gnu-toolchain/bin/../lib/gcc/avr/4.8.1/avrxmega2\libgcc.a(_exit.o)
                0x000027f8                _exit
                0x000027f8                exit
 *(.fini9)
 *(.fini8)
 *(.fini8)
 *(.fini7)
 *(.fini7)
 *(.fini6)
 *(.fini6)
 *(.fini5)
 *(.fini5)
 *(.fini4)
 *(.fini4)
 *(.fini3)
 *(.fini3)
 *(.fini2)
 *(.fini2)
 *(.fini1)
 *(.fini1)
 *(.fini0)
 .fini0         0x000027f8        0x4 c:/program files/atmel/atmel toolchain/avr8 gcc/native/3.4.1061/avr8-gnu-toolchain/bin/../lib/gcc/avr/4.8.1/avrxmega2\libgcc.a(_exit.o)
 *(.fini0)
                0x000027fc                _etext = .

.data           0x00802000       0x44 load address 0x000027fc
                0x00802000                PROVIDE (__data_start, .)
 *(.data)
 *(.data*)
 .data.MS5611_flag
                0x00802000        0x1 src/MS5611.o
                0x00802000                MS5611_flag
 *(.rodata)
 *(.rodata*)
 .rodata.str1.1
                0x00802001       0x22 src/MS5611.o
 .rodata.str1.1
                0x00802023       0x20 src/SHT11.o
 *(.gnu.linkonce.d*)
                0x00802044                . = ALIGN (0x2)
 *fill*         0x00802043        0x1 
                0x00802044                _edata = .
                0x00802044                PROVIDE (__data_end, .)

.bss            0x00802044       0xfb
                0x00802044                PROVIDE (__bss_start, .)
 *(.bss)
 *(.bss*)
 .bss.SHT11_dataflag
                0x00802044        0x1 src/SHT11.o
                0x00802044                SHT11_dataflag
 .bss.SHT11_count
                0x00802045        0x1 src/SHT11.o
                0x00802045                SHT11_count
 .bss.tc_tce0_ccd_callback
                0x00802046        0x2 src/ASF/xmega/drivers/tc/tc.o
 .bss.tc_tce0_ccc_callback
                0x00802048        0x2 src/ASF/xmega/drivers/tc/tc.o
 .bss.tc_tce0_ccb_callback
                0x0080204a        0x2 src/ASF/xmega/drivers/tc/tc.o
 .bss.tc_tce0_cca_callback
                0x0080204c        0x2 src/ASF/xmega/drivers/tc/tc.o
 .bss.tc_tce0_err_callback
                0x0080204e        0x2 src/ASF/xmega/drivers/tc/tc.o
 .bss.tc_tce0_ovf_callback
                0x00802050        0x2 src/ASF/xmega/drivers/tc/tc.o
 .bss.tc_tcd1_ccb_callback
                0x00802052        0x2 src/ASF/xmega/drivers/tc/tc.o
 .bss.tc_tcd1_cca_callback
                0x00802054        0x2 src/ASF/xmega/drivers/tc/tc.o
 .bss.tc_tcd1_err_callback
                0x00802056        0x2 src/ASF/xmega/drivers/tc/tc.o
 .bss.tc_tcd1_ovf_callback
                0x00802058        0x2 src/ASF/xmega/drivers/tc/tc.o
 .bss.tc_tcd0_ccd_callback
                0x0080205a        0x2 src/ASF/xmega/drivers/tc/tc.o
 .bss.tc_tcd0_ccc_callback
                0x0080205c        0x2 src/ASF/xmega/drivers/tc/tc.o
 .bss.tc_tcd0_ccb_callback
                0x0080205e        0x2 src/ASF/xmega/drivers/tc/tc.o
 .bss.tc_tcd0_cca_callback
                0x00802060        0x2 src/ASF/xmega/drivers/tc/tc.o
 .bss.tc_tcd0_err_callback
                0x00802062        0x2 src/ASF/xmega/drivers/tc/tc.o
 .bss.tc_tcc1_ccb_callback
                0x00802064        0x2 src/ASF/xmega/drivers/tc/tc.o
 .bss.tc_tcc1_cca_callback
                0x00802066        0x2 src/ASF/xmega/drivers/tc/tc.o
 .bss.tc_tcc1_err_callback
                0x00802068        0x2 src/ASF/xmega/drivers/tc/tc.o
 .bss.tc_tcc1_ovf_callback
                0x0080206a        0x2 src/ASF/xmega/drivers/tc/tc.o
 .bss.tc_tcc0_ccd_callback
                0x0080206c        0x2 src/ASF/xmega/drivers/tc/tc.o
 .bss.tc_tcc0_ccc_callback
                0x0080206e        0x2 src/ASF/xmega/drivers/tc/tc.o
 .bss.tc_tcc0_ccb_callback
                0x00802070        0x2 src/ASF/xmega/drivers/tc/tc.o
 .bss.tc_tcc0_cca_callback
                0x00802072        0x2 src/ASF/xmega/drivers/tc/tc.o
 .bss.tc_tcc0_err_callback
                0x00802074        0x2 src/ASF/xmega/drivers/tc/tc.o
 .bss.tc_tcc0_ovf_callback
                0x00802076        0x2 src/ASF/xmega/drivers/tc/tc.o
 *(COMMON)
 COMMON         0x00802078       0x4d src/MS5611.o
                0x00802078                copy_val
                0x00802079                temperature
                0x0080207d                MS5611
                0x008020a7                pressure
                0x008020ab                twiMaster
                0x008020c4                check_sum
 COMMON         0x008020c5       0x64 src/setting.o
                0x008020c5                buffer
 COMMON         0x00802129       0x10 src/SHT11.o
                0x00802129                humi_val
                0x0080212d                temp_val
                0x00802131                T
                0x00802135                H
 COMMON         0x00802139        0x6 src/ASF/common/services/sleepmgr/xmega/sleepmgr.o
                0x00802139                sleepmgr_locks
                0x0080213f                PROVIDE (__bss_end, .)
                0x000027fc                __data_load_start = LOADADDR (.data)
                0x00002840                __data_load_end = (__data_load_start + SIZEOF (.data))

.noinit         0x0080213f        0x0
                0x0080213f                PROVIDE (__noinit_start, .)
 *(.noinit*)
                0x0080213f                PROVIDE (__noinit_end, .)
                0x0080213f                _end = .
                0x0080213f                PROVIDE (__heap_start, .)

.eeprom         0x00810000        0x0
 *(.eeprom*)
                0x00810000                __eeprom_end = .

.fuse
 *(.fuse)
 *(.lfuse)
 *(.hfuse)
 *(.efuse)

.lock
 *(.lock*)

.signature
 *(.signature*)

.user_signatures
 *(.user_signatures*)

.stab
 *(.stab)

.stabstr
 *(.stabstr)

.stab.excl
 *(.stab.excl)

.stab.exclstr
 *(.stab.exclstr)

.stab.index
 *(.stab.index)

.stab.indexstr
 *(.stab.indexstr)

.comment        0x00000000       0x5c
 *(.comment)
 .comment       0x00000000       0x30 src/ASF/xmega/drivers/spi/spi.o
                                 0x31 (size before relaxing)
 .comment       0x00000000       0x31 src/MS5611.o
 .comment       0x00000000       0x31 src/setting.o
 .comment       0x00000000       0x31 src/SHT11.o
 .comment       0x00000000       0x31 src/twi_master_driver.o
 .comment       0x00000000       0x31 src/ASF/common/services/clock/xmega/sysclk.o
 .comment       0x00000000       0x31 src/ASF/common/services/sleepmgr/xmega/sleepmgr.o
 .comment       0x00000000       0x31 src/ASF/xmega/drivers/tc/tc.o
 .comment       0x00000000       0x31 src/ASF/xmega/drivers/usart/usart.o
 .comment       0x00000000       0x31 src/main.o
 .comment       0x00000000       0x31 c:/program files/atmel/atmel toolchain/avr8 gcc/native/3.4.1061/avr8-gnu-toolchain/bin/../lib/gcc/avr/4.8.1/../../../../avr/lib/avrxmega2\libc.a(sprintf.o)
 .comment       0x00000030       0x2c c:/program files/atmel/atmel toolchain/avr8 gcc/native/3.4.1061/avr8-gnu-toolchain/bin/../lib/gcc/avr/4.8.1/../../../../avr/lib/avrxmega2\libc.a(vfprintf_std.o)
                                 0x2d (size before relaxing)
 .comment       0x00000000       0x31 c:/program files/atmel/atmel toolchain/avr8 gcc/native/3.4.1061/avr8-gnu-toolchain/bin/../lib/gcc/avr/4.8.1/../../../../avr/lib/avrxmega2\libc.a(fputc.o)

.note.gnu.build-id
 *(.note.gnu.build-id)

.debug
 *(.debug)

.line
 *(.line)

.debug_srcinfo
 *(.debug_srcinfo)

.debug_sfnames
 *(.debug_sfnames)

.debug_aranges  0x00000000      0x398
 *(.debug_aranges)
 .debug_aranges
                0x00000000       0x20 src/ASF/xmega/drivers/spi/spi.o
 .debug_aranges
                0x00000020       0x50 src/MS5611.o
 .debug_aranges
                0x00000070       0x58 src/setting.o
 .debug_aranges
                0x000000c8       0x60 src/SHT11.o
 .debug_aranges
                0x00000128       0x70 src/twi_master_driver.o
 .debug_aranges
                0x00000198       0x40 src/ASF/common/services/clock/xmega/sysclk.o
 .debug_aranges
                0x000001d8       0x18 src/ASF/common/services/sleepmgr/xmega/sleepmgr.o
 .debug_aranges
                0x000001f0      0x120 src/ASF/xmega/drivers/tc/tc.o
 .debug_aranges
                0x00000310       0x58 src/ASF/xmega/drivers/usart/usart.o
 .debug_aranges
                0x00000368       0x30 src/main.o

.debug_pubnames
 *(.debug_pubnames)

.debug_info     0x00000000     0x843a
 *(.debug_info .gnu.linkonce.wi.*)
 .debug_info    0x00000000      0x1b9 src/ASF/xmega/drivers/spi/spi.o
 .debug_info    0x000001b9      0x9b8 src/MS5611.o
 .debug_info    0x00000b71     0x14f0 src/setting.o
 .debug_info    0x00002061      0xa68 src/SHT11.o
 .debug_info    0x00002ac9      0x873 src/twi_master_driver.o
 .debug_info    0x0000333c      0x6fc src/ASF/common/services/clock/xmega/sysclk.o
 .debug_info    0x00003a38      0x121 src/ASF/common/services/sleepmgr/xmega/sleepmgr.o
 .debug_info    0x00003b59     0x16d3 src/ASF/xmega/drivers/tc/tc.o
 .debug_info    0x0000522c     0x2d92 src/ASF/xmega/drivers/usart/usart.o
 .debug_info    0x00007fbe      0x47c src/main.o

.debug_abbrev   0x00000000     0x16fd
 *(.debug_abbrev)
 .debug_abbrev  0x00000000       0xf6 src/ASF/xmega/drivers/spi/spi.o
 .debug_abbrev  0x000000f6      0x27e src/MS5611.o
 .debug_abbrev  0x00000374      0x2e7 src/setting.o
 .debug_abbrev  0x0000065b      0x311 src/SHT11.o
 .debug_abbrev  0x0000096c      0x296 src/twi_master_driver.o
 .debug_abbrev  0x00000c02      0x25b src/ASF/common/services/clock/xmega/sysclk.o
 .debug_abbrev  0x00000e5d       0x80 src/ASF/common/services/sleepmgr/xmega/sleepmgr.o
 .debug_abbrev  0x00000edd      0x2a7 src/ASF/xmega/drivers/tc/tc.o
 .debug_abbrev  0x00001184      0x3e8 src/ASF/xmega/drivers/usart/usart.o
 .debug_abbrev  0x0000156c      0x191 src/main.o

.debug_line     0x00000000     0x531a
 *(.debug_line .debug_line.* .debug_line_end)
 .debug_line    0x00000000      0x475 src/ASF/xmega/drivers/spi/spi.o
 .debug_line    0x00000475      0xa65 src/MS5611.o
 .debug_line    0x00000eda      0x985 src/setting.o
 .debug_line    0x0000185f      0xb3c src/SHT11.o
 .debug_line    0x0000239b      0x5ae src/twi_master_driver.o
 .debug_line    0x00002949      0x5ce src/ASF/common/services/clock/xmega/sysclk.o
 .debug_line    0x00002f17      0x41e src/ASF/common/services/sleepmgr/xmega/sleepmgr.o
 .debug_line    0x00003335      0xc28 src/ASF/xmega/drivers/tc/tc.o
 .debug_line    0x00003f5d      0xb90 src/ASF/xmega/drivers/usart/usart.o
 .debug_line    0x00004aed      0x82d src/main.o

.debug_frame    0x00000000     0x10d4
 *(.debug_frame)
 .debug_frame   0x00000000       0x4c src/ASF/xmega/drivers/spi/spi.o
 .debug_frame   0x0000004c      0x1fc src/MS5611.o
 .debug_frame   0x00000248       0xd4 src/setting.o
 .debug_frame   0x0000031c      0x148 src/SHT11.o
 .debug_frame   0x00000464       0xf0 src/twi_master_driver.o
 .debug_frame   0x00000554       0x64 src/ASF/common/services/clock/xmega/sysclk.o
 .debug_frame   0x000005b8      0x93c src/ASF/xmega/drivers/tc/tc.o
 .debug_frame   0x00000ef4      0x148 src/ASF/xmega/drivers/usart/usart.o
 .debug_frame   0x0000103c       0x98 src/main.o

.debug_str      0x00000000    0x27d1a
 *(.debug_str)
 .debug_str     0x00000000    0x22f6c src/ASF/xmega/drivers/spi/spi.o
                              0x235c9 (size before relaxing)
 .debug_str     0x00022f6c     0x284d src/MS5611.o
                              0x25db4 (size before relaxing)
 .debug_str     0x000257b9     0x1007 src/setting.o
                              0x26c2f (size before relaxing)
 .debug_str     0x000267c0      0x104 src/SHT11.o
                              0x25d6c (size before relaxing)
 .debug_str     0x000268c4      0x318 src/twi_master_driver.o
                              0x19629 (size before relaxing)
 .debug_str     0x00026bdc      0x328 src/ASF/common/services/clock/xmega/sysclk.o
                              0x247f1 (size before relaxing)
 .debug_str     0x00026f04       0xb3 src/ASF/common/services/sleepmgr/xmega/sleepmgr.o
                              0x2371e (size before relaxing)
 .debug_str     0x00026fb7      0x5e0 src/ASF/xmega/drivers/tc/tc.o
                              0x2515a (size before relaxing)
 .debug_str     0x00027597      0x758 src/ASF/xmega/drivers/usart/usart.o
                              0x257ac (size before relaxing)
 .debug_str     0x00027cef       0x2b src/main.o
                              0x2619b (size before relaxing)

.debug_loc      0x00000000     0x3f08
 *(.debug_loc)
 .debug_loc     0x00000000      0x105 src/ASF/xmega/drivers/spi/spi.o
 .debug_loc     0x00000105      0x7e4 src/MS5611.o
 .debug_loc     0x000008e9      0x177 src/setting.o
 .debug_loc     0x00000a60      0x5d4 src/SHT11.o
 .debug_loc     0x00001034      0x617 src/twi_master_driver.o
 .debug_loc     0x0000164b      0x217 src/ASF/common/services/clock/xmega/sysclk.o
 .debug_loc     0x00001862     0x15dd src/ASF/xmega/drivers/tc/tc.o
 .debug_loc     0x00002e3f      0xfcf src/ASF/xmega/drivers/usart/usart.o
 .debug_loc     0x00003e0e       0xfa src/main.o

.debug_macinfo
 *(.debug_macinfo)

.debug_weaknames
 *(.debug_weaknames)

.debug_funcnames
 *(.debug_funcnames)

.debug_typenames
 *(.debug_typenames)

.debug_varnames
 *(.debug_varnames)

.debug_pubtypes
 *(.debug_pubtypes)

.debug_ranges   0x00000000      0x328
 *(.debug_ranges)
 .debug_ranges  0x00000000       0x10 src/ASF/xmega/drivers/spi/spi.o
 .debug_ranges  0x00000010       0x40 src/MS5611.o
 .debug_ranges  0x00000050       0x48 src/setting.o
 .debug_ranges  0x00000098       0x50 src/SHT11.o
 .debug_ranges  0x000000e8       0x60 src/twi_master_driver.o
 .debug_ranges  0x00000148       0x30 src/ASF/common/services/clock/xmega/sysclk.o
 .debug_ranges  0x00000178      0x110 src/ASF/xmega/drivers/tc/tc.o
 .debug_ranges  0x00000288       0x80 src/ASF/xmega/drivers/usart/usart.o
 .debug_ranges  0x00000308       0x20 src/main.o

.debug_macro    0x00000000     0x9fdc
 *(.debug_macro)
 .debug_macro   0x00000000      0x194 src/ASF/xmega/drivers/spi/spi.o
 .debug_macro   0x00000194      0xa3c src/ASF/xmega/drivers/spi/spi.o
 .debug_macro   0x00000bd0       0x10 src/ASF/xmega/drivers/spi/spi.o
 .debug_macro   0x00000be0      0x1ad src/ASF/xmega/drivers/spi/spi.o
 .debug_macro   0x00000d8d      0x293 src/ASF/xmega/drivers/spi/spi.o
 .debug_macro   0x00001020       0x9e src/ASF/xmega/drivers/spi/spi.o
 .debug_macro   0x000010be     0x5486 src/ASF/xmega/drivers/spi/spi.o
 .debug_macro   0x00006544       0x9a src/ASF/xmega/drivers/spi/spi.o
 .debug_macro   0x000065de       0xf1 src/ASF/xmega/drivers/spi/spi.o
 .debug_macro   0x000066cf       0x34 src/ASF/xmega/drivers/spi/spi.o
 .debug_macro   0x00006703       0x10 src/ASF/xmega/drivers/spi/spi.o
 .debug_macro   0x00006713       0x18 src/ASF/xmega/drivers/spi/spi.o
 .debug_macro   0x0000672b       0x5e src/ASF/xmega/drivers/spi/spi.o
 .debug_macro   0x00006789       0x10 src/ASF/xmega/drivers/spi/spi.o
 .debug_macro   0x00006799       0x22 src/ASF/xmega/drivers/spi/spi.o
 .debug_macro   0x000067bb      0x166 src/ASF/xmega/drivers/spi/spi.o
 .debug_macro   0x00006921       0x1c src/ASF/xmega/drivers/spi/spi.o
 .debug_macro   0x0000693d       0x35 src/ASF/xmega/drivers/spi/spi.o
 .debug_macro   0x00006972       0x66 src/ASF/xmega/drivers/spi/spi.o
 .debug_macro   0x000069d8      0x4b5 src/ASF/xmega/drivers/spi/spi.o
 .debug_macro   0x00006e8d       0x97 src/ASF/xmega/drivers/spi/spi.o
 .debug_macro   0x00006f24       0x17 src/ASF/xmega/drivers/spi/spi.o
 .debug_macro   0x00006f3b      0x250 src/ASF/xmega/drivers/spi/spi.o
 .debug_macro   0x0000718b       0x76 src/ASF/xmega/drivers/spi/spi.o
 .debug_macro   0x00007201       0x16 src/ASF/xmega/drivers/spi/spi.o
 .debug_macro   0x00007217      0x6e0 src/ASF/xmega/drivers/spi/spi.o
 .debug_macro   0x000078f7       0x10 src/ASF/xmega/drivers/spi/spi.o
 .debug_macro   0x00007907      0x175 src/ASF/xmega/drivers/spi/spi.o
 .debug_macro   0x00007a7c       0x40 src/ASF/xmega/drivers/spi/spi.o
 .debug_macro   0x00007abc       0x69 src/ASF/xmega/drivers/spi/spi.o
 .debug_macro   0x00007b25       0x32 src/ASF/xmega/drivers/spi/spi.o
 .debug_macro   0x00007b57       0xe4 src/ASF/xmega/drivers/spi/spi.o
 .debug_macro   0x00007c3b       0x7c src/ASF/xmega/drivers/spi/spi.o
 .debug_macro   0x00007cb7      0x313 src/MS5611.o
 .debug_macro   0x00007fca       0x34 src/MS5611.o
 .debug_macro   0x00007ffe      0x237 src/MS5611.o
 .debug_macro   0x00008235       0x26 src/MS5611.o
 .debug_macro   0x0000825b       0x5e src/MS5611.o
 .debug_macro   0x000082b9       0x10 src/MS5611.o
 .debug_macro   0x000082c9       0x22 src/MS5611.o
 .debug_macro   0x000082eb       0x66 src/MS5611.o
 .debug_macro   0x00008351       0x2f src/MS5611.o
 .debug_macro   0x00008380      0x154 src/MS5611.o
 .debug_macro   0x000084d4       0x18 src/MS5611.o
 .debug_macro   0x000084ec       0x3a src/MS5611.o
 .debug_macro   0x00008526      0x167 src/MS5611.o
 .debug_macro   0x0000868d       0x58 src/MS5611.o
 .debug_macro   0x000086e5       0x10 src/MS5611.o
 .debug_macro   0x000086f5       0xeb src/MS5611.o
 .debug_macro   0x000087e0       0x16 src/MS5611.o
 .debug_macro   0x000087f6       0x40 src/MS5611.o
 .debug_macro   0x00008836       0x22 src/MS5611.o
 .debug_macro   0x00008858       0x5e src/MS5611.o
 .debug_macro   0x000088b6       0x22 src/MS5611.o
 .debug_macro   0x000088d8       0x46 src/MS5611.o
 .debug_macro   0x0000891e      0x32b src/setting.o
 .debug_macro   0x00008c49       0x1c src/setting.o
 .debug_macro   0x00008c65       0x2e src/setting.o
 .debug_macro   0x00008c93      0x313 src/SHT11.o
 .debug_macro   0x00008fa6      0x113 src/twi_master_driver.o
 .debug_macro   0x000090b9       0x10 src/twi_master_driver.o
 .debug_macro   0x000090c9      0x10e src/twi_master_driver.o
 .debug_macro   0x000091d7       0x10 src/twi_master_driver.o
 .debug_macro   0x000091e7      0x299 src/twi_master_driver.o
 .debug_macro   0x00009480       0x12 src/twi_master_driver.o
 .debug_macro   0x00009492       0x10 src/twi_master_driver.o
 .debug_macro   0x000094a2      0x1e6 src/ASF/common/services/clock/xmega/sysclk.o
 .debug_macro   0x00009688      0x1a3 src/ASF/common/services/sleepmgr/xmega/sleepmgr.o
 .debug_macro   0x0000982b      0x230 src/ASF/xmega/drivers/tc/tc.o
 .debug_macro   0x00009a5b       0x12 src/ASF/xmega/drivers/tc/tc.o
 .debug_macro   0x00009a6d      0x219 src/ASF/xmega/drivers/usart/usart.o
 .debug_macro   0x00009c86       0x34 src/ASF/xmega/drivers/usart/usart.o
 .debug_macro   0x00009cba      0x322 src/main.o
OUTPUT(KN2CSat.elf elf32-avr)
LOAD linker stubs
