Archive member included because of file (symbol)

c:/program files/atmel/atmel toolchain/avr8 gcc/native/3.4.1061/avr8-gnu-toolchain/bin/../lib/gcc/avr/4.8.1/../../../../avr/lib/avrxmega2\libm.a(addsf3.o)
                              src/MS5611.o (__subsf3)
c:/program files/atmel/atmel toolchain/avr8 gcc/native/3.4.1061/avr8-gnu-toolchain/bin/../lib/gcc/avr/4.8.1/../../../../avr/lib/avrxmega2\libm.a(addsf3x.o)
                              c:/program files/atmel/atmel toolchain/avr8 gcc/native/3.4.1061/avr8-gnu-toolchain/bin/../lib/gcc/avr/4.8.1/../../../../avr/lib/avrxmega2\libm.a(addsf3.o) (__addsf3x)
c:/program files/atmel/atmel toolchain/avr8 gcc/native/3.4.1061/avr8-gnu-toolchain/bin/../lib/gcc/avr/4.8.1/../../../../avr/lib/avrxmega2\libm.a(cmpsf2.o)
                              src/MS5611.o (__ltsf2)
c:/program files/atmel/atmel toolchain/avr8 gcc/native/3.4.1061/avr8-gnu-toolchain/bin/../lib/gcc/avr/4.8.1/../../../../avr/lib/avrxmega2\libm.a(divsf3.o)
                              src/MS5611.o (__divsf3)
c:/program files/atmel/atmel toolchain/avr8 gcc/native/3.4.1061/avr8-gnu-toolchain/bin/../lib/gcc/avr/4.8.1/../../../../avr/lib/avrxmega2\libm.a(divsf3x.o)
                              c:/program files/atmel/atmel toolchain/avr8 gcc/native/3.4.1061/avr8-gnu-toolchain/bin/../lib/gcc/avr/4.8.1/../../../../avr/lib/avrxmega2\libm.a(divsf3.o) (__divsf3x)
c:/program files/atmel/atmel toolchain/avr8 gcc/native/3.4.1061/avr8-gnu-toolchain/bin/../lib/gcc/avr/4.8.1/../../../../avr/lib/avrxmega2\libm.a(fixsfsi.o)
                              src/MS5611.o (__fixsfsi)
c:/program files/atmel/atmel toolchain/avr8 gcc/native/3.4.1061/avr8-gnu-toolchain/bin/../lib/gcc/avr/4.8.1/../../../../avr/lib/avrxmega2\libm.a(fixunssfsi.o)
                              c:/program files/atmel/atmel toolchain/avr8 gcc/native/3.4.1061/avr8-gnu-toolchain/bin/../lib/gcc/avr/4.8.1/../../../../avr/lib/avrxmega2\libm.a(fixsfsi.o) (__fixunssfsi)
c:/program files/atmel/atmel toolchain/avr8 gcc/native/3.4.1061/avr8-gnu-toolchain/bin/../lib/gcc/avr/4.8.1/../../../../avr/lib/avrxmega2\libm.a(floatsisf.o)
                              src/MS5611.o (__floatunsisf)
c:/program files/atmel/atmel toolchain/avr8 gcc/native/3.4.1061/avr8-gnu-toolchain/bin/../lib/gcc/avr/4.8.1/../../../../avr/lib/avrxmega2\libm.a(fp_cmp.o)
                              c:/program files/atmel/atmel toolchain/avr8 gcc/native/3.4.1061/avr8-gnu-toolchain/bin/../lib/gcc/avr/4.8.1/../../../../avr/lib/avrxmega2\libm.a(cmpsf2.o) (__fp_cmp)
c:/program files/atmel/atmel toolchain/avr8 gcc/native/3.4.1061/avr8-gnu-toolchain/bin/../lib/gcc/avr/4.8.1/../../../../avr/lib/avrxmega2\libm.a(fp_inf.o)
                              c:/program files/atmel/atmel toolchain/avr8 gcc/native/3.4.1061/avr8-gnu-toolchain/bin/../lib/gcc/avr/4.8.1/../../../../avr/lib/avrxmega2\libm.a(addsf3x.o) (__fp_inf)
c:/program files/atmel/atmel toolchain/avr8 gcc/native/3.4.1061/avr8-gnu-toolchain/bin/../lib/gcc/avr/4.8.1/../../../../avr/lib/avrxmega2\libm.a(fp_nan.o)
                              c:/program files/atmel/atmel toolchain/avr8 gcc/native/3.4.1061/avr8-gnu-toolchain/bin/../lib/gcc/avr/4.8.1/../../../../avr/lib/avrxmega2\libm.a(addsf3x.o) (__fp_nan)
c:/program files/atmel/atmel toolchain/avr8 gcc/native/3.4.1061/avr8-gnu-toolchain/bin/../lib/gcc/avr/4.8.1/../../../../avr/lib/avrxmega2\libm.a(fp_pscA.o)
                              c:/program files/atmel/atmel toolchain/avr8 gcc/native/3.4.1061/avr8-gnu-toolchain/bin/../lib/gcc/avr/4.8.1/../../../../avr/lib/avrxmega2\libm.a(addsf3x.o) (__fp_pscA)
c:/program files/atmel/atmel toolchain/avr8 gcc/native/3.4.1061/avr8-gnu-toolchain/bin/../lib/gcc/avr/4.8.1/../../../../avr/lib/avrxmega2\libm.a(fp_pscB.o)
                              c:/program files/atmel/atmel toolchain/avr8 gcc/native/3.4.1061/avr8-gnu-toolchain/bin/../lib/gcc/avr/4.8.1/../../../../avr/lib/avrxmega2\libm.a(addsf3x.o) (__fp_pscB)
c:/program files/atmel/atmel toolchain/avr8 gcc/native/3.4.1061/avr8-gnu-toolchain/bin/../lib/gcc/avr/4.8.1/../../../../avr/lib/avrxmega2\libm.a(fp_round.o)
                              c:/program files/atmel/atmel toolchain/avr8 gcc/native/3.4.1061/avr8-gnu-toolchain/bin/../lib/gcc/avr/4.8.1/../../../../avr/lib/avrxmega2\libm.a(addsf3.o) (__fp_round)
c:/program files/atmel/atmel toolchain/avr8 gcc/native/3.4.1061/avr8-gnu-toolchain/bin/../lib/gcc/avr/4.8.1/../../../../avr/lib/avrxmega2\libm.a(fp_split3.o)
                              c:/program files/atmel/atmel toolchain/avr8 gcc/native/3.4.1061/avr8-gnu-toolchain/bin/../lib/gcc/avr/4.8.1/../../../../avr/lib/avrxmega2\libm.a(addsf3x.o) (__fp_split3)
c:/program files/atmel/atmel toolchain/avr8 gcc/native/3.4.1061/avr8-gnu-toolchain/bin/../lib/gcc/avr/4.8.1/../../../../avr/lib/avrxmega2\libm.a(fp_zero.o)
                              c:/program files/atmel/atmel toolchain/avr8 gcc/native/3.4.1061/avr8-gnu-toolchain/bin/../lib/gcc/avr/4.8.1/../../../../avr/lib/avrxmega2\libm.a(addsf3x.o) (__fp_zero)
[...]
Memory Configuration

Name             Origin             Length             Attributes
text             0x00000000         0x00100000         xr
data             0x00802000         0x0000ffa0         rw !x
eeprom           0x00810000         0x00010000         rw !x
fuse             0x00820000         0x00000400         rw !x
lock             0x00830000         0x00000400         rw !x
signature        0x00840000         0x00000400         rw !x
user_signatures  0x00850000         0x00000400         rw !x
*default*        0x00000000         0xffffffff

Linker script and memory map

LOAD c:/program files/atmel/atmel toolchain/avr8 gcc/native/3.4.1061/avr8-gnu-toolchain/bin/../lib/gcc/avr/4.8.1/../../../../avr/lib/avrxmega2/crtx32a4u.o
LOAD src/ASF/xmega/drivers/spi/spi.o
LOAD src/MS5611.o
LOAD src/NRF24l01c.o
LOAD src/setting.o
LOAD src/SHT11.o
LOAD src/twi_master_driver.o
LOAD src/ASF/common/boards/user_board/init.o
LOAD src/ASF/common/services/clock/xmega/sysclk.o
LOAD src/ASF/common/services/ioport/xmega/ioport_compat.o
LOAD src/ASF/common/services/sleepmgr/xmega/sleepmgr.o
LOAD src/ASF/xmega/drivers/cpu/ccp.o
LOAD src/ASF/xmega/drivers/nvm/nvm.o
LOAD src/ASF/xmega/drivers/nvm/nvm_asm.o
LOAD src/ASF/xmega/drivers/tc/tc.o
LOAD src/ASF/xmega/drivers/usart/usart.o
LOAD src/main.o
START GROUP
LOAD c:/program files/atmel/atmel toolchain/avr8 gcc/native/3.4.1061/avr8-gnu-toolchain/bin/../lib/gcc/avr/4.8.1/../../../../avr/lib/avrxmega2\libm.a
END GROUP
START GROUP
LOAD c:/program files/atmel/atmel toolchain/avr8 gcc/native/3.4.1061/avr8-gnu-toolchain/bin/../lib/gcc/avr/4.8.1/avrxmega2\libgcc.a
LOAD c:/program files/atmel/atmel toolchain/avr8 gcc/native/3.4.1061/avr8-gnu-toolchain/bin/../lib/gcc/avr/4.8.1/../../../../avr/lib/avrxmega2\libm.a
LOAD c:/program files/atmel/atmel toolchain/avr8 gcc/native/3.4.1061/avr8-gnu-toolchain/bin/../lib/gcc/avr/4.8.1/../../../../avr/lib/avrxmega2\libc.a
END GROUP

.hash
 *(.hash)

.dynsym
 *(.dynsym)

.dynstr
 *(.dynstr)

.gnu.version
 *(.gnu.version)

.gnu.version_d
 *(.gnu.version_d)

.gnu.version_r
 *(.gnu.version_r)

.rel.init
 *(.rel.init)

.rela.init
 *(.rela.init)

.rel.text
 *(.rel.text)
 *(.rel.text.*)
 *(.rel.gnu.linkonce.t*)

.rela.text
 *(.rela.text)
 *(.rela.text.*)
 *(.rela.gnu.linkonce.t*)

.rel.fini
 *(.rel.fini)

.rela.fini
 *(.rela.fini)

.rel.rodata
 *(.rel.rodata)
 *(.rel.rodata.*)
 *(.rel.gnu.linkonce.r*)

.rela.rodata
 *(.rela.rodata)
 *(.rela.rodata.*)
 *(.rela.gnu.linkonce.r*)

.rel.data
 *(.rel.data)
 *(.rel.data.*)
 *(.rel.gnu.linkonce.d*)

.rela.data
 *(.rela.data)
 *(.rela.data.*)
 *(.rela.gnu.linkonce.d*)

.rel.ctors
 *(.rel.ctors)

.rela.ctors
 *(.rela.ctors)

.rel.dtors
 *(.rel.dtors)

.rela.dtors
 *(.rela.dtors)

.rel.got
 *(.rel.got)

.rela.got
 *(.rela.got)

.rel.bss
 *(.rel.bss)

.rela.bss
 *(.rela.bss)

.rel.plt
 *(.rel.plt)

.rela.plt
 *(.rela.plt)

.text           0x00000000     0x2bca
 *(.vectors)
 .vectors       0x00000000      0x1fc c:/program files/atmel/atmel toolchain/avr8 gcc/native/3.4.1061/avr8-gnu-toolchain/bin/../lib/gcc/avr/4.8.1/../../../../avr/lib/avrxmega2/crtx32a4u.o
                0x00000000                __vector_default
                0x00000000                __vectors
 *(.vectors)
 *(.progmem.gcc*)
                0x000001fc                . = ALIGN (0x2)
                0x000001fc                __trampolines_start = .
 *(.trampolines)
 .trampolines   0x000001fc        0x0 linker stubs
 *(.trampolines*)
                0x000001fc                __trampolines_end = .
 *(.progmem*)
                0x000001fc                . = ALIGN (0x2)
 *(.jumptables)
 *(.jumptables*)
 *(.lowtext)
 *(.lowtext*)
                0x000001fc                __ctors_start = .
 *(.ctors)
                0x000001fc                __ctors_end = .
                0x000001fc                __dtors_start = .
 *(.dtors)
                0x000001fc                __dtors_end = .
 SORT(*)(.ctors)
 SORT(*)(.dtors)
 *(.init0)
 .init0         0x000001fc        0x0 c:/program files/atmel/atmel toolchain/avr8 gcc/native/3.4.1061/avr8-gnu-toolchain/bin/../lib/gcc/avr/4.8.1/../../../../avr/lib/avrxmega2/crtx32a4u.o
                0x000001fc                __init
 *(.init0)
 *(.init1)
 *(.init1)
 *(.init2)
 .init2         0x000001fc        0xc c:/program files/atmel/atmel toolchain/avr8 gcc/native/3.4.1061/avr8-gnu-toolchain/bin/../lib/gcc/avr/4.8.1/../../../../avr/lib/avrxmega2/crtx32a4u.o
 *(.init2)
 *(.init3)
 *(.init3)
 *(.init4)
 .init4         0x00000208       0x16 c:/program files/atmel/atmel toolchain/avr8 gcc/native/3.4.1061/avr8-gnu-toolchain/bin/../lib/gcc/avr/4.8.1/avrxmega2\libgcc.a(_copy_data.o)
                0x00000208                __do_copy_data
 .init4         0x0000021e       0x10 c:/program files/atmel/atmel toolchain/avr8 gcc/native/3.4.1061/avr8-gnu-toolchain/bin/../lib/gcc/avr/4.8.1/avrxmega2\libgcc.a(_clear_bss.o)
                0x0000021e                __do_clear_bss
 *(.init4)
 *(.init5)
 *(.init5)
 *(.init6)
 *(.init6)
 *(.init7)
 *(.init7)
 *(.init8)
 *(.init8)
 *(.init9)
 .init9         0x0000022e        0x8 c:/program files/atmel/atmel toolchain/avr8 gcc/native/3.4.1061/avr8-gnu-toolchain/bin/../lib/gcc/avr/4.8.1/../../../../avr/lib/avrxmega2/crtx32a4u.o
 *(.init9)
 *(.text)
 .text          0x00000236        0x2 c:/program files/atmel/atmel toolchain/avr8 gcc/native/3.4.1061/avr8-gnu-toolchain/bin/../lib/gcc/avr/4.8.1/../../../../avr/lib/avrxmega2/crtx32a4u.o
                0x00000236                __vector_38
                0x00000236                __vector_104
                0x00000236                __vector_63
                0x00000236                __vector_28
                0x00000236                __vector_67
                0x00000236                __vector_1
                0x00000236                __vector_119
                0x00000236                __vector_32
                0x00000236                __vector_75
                0x00000236                __vector_71
                0x00000236                __vector_91
                0x00000236                __vector_34
                0x00000236                __vector_62
                0x00000236                __vector_102
                0x00000236                __vector_24
                0x00000236                __vector_12
                0x00000236                __vector_55
                0x00000236                __vector_69
                0x00000236                __vector_90
                0x00000236                __vector_46
                0x00000236                __bad_interrupt
                0x00000236                __vector_122
                0x00000236                __vector_72
                0x00000236                __vector_114
                0x00000236                __vector_6
                0x00000236                __vector_110
                0x00000236                __vector_31
                0x00000236                __vector_92
                0x00000236                __vector_35
                0x00000236                __vector_74
                0x00000236                __vector_117
                0x00000236                __vector_39
                0x00000236                __vector_107
                0x00000236                __vector_3
                0x00000236                __vector_105
                0x00000236                __vector_98
                0x00000236                __vector_68
                0x00000236                __vector_30
                0x00000236                __vector_73
                0x00000236                __vector_45
                0x00000236                __vector_25
                0x00000236                __vector_93
                0x00000236                __vector_61
                0x00000236                __vector_11
                0x00000236                __vector_54
                0x00000236                __vector_99
                0x00000236                __vector_56
                0x00000236                __vector_7
                0x00000236                __vector_125
                0x00000236                __vector_123
                0x00000236                __vector_41
                0x00000236                __vector_100
                0x00000236                __vector_101
                0x00000236                __vector_64
                0x00000236                __vector_88
                0x00000236                __vector_109
                0x00000236                __vector_27
                0x00000236                __vector_5
                0x00000236                __vector_113
                0x00000236                __vector_33
                0x00000236                __vector_76
                0x00000236                __vector_115
                0x00000236                __vector_37
                0x00000236                __vector_95
                0x00000236                __vector_103
                0x00000236                __vector_96
                0x00000236                __vector_89
                0x00000236                __vector_108
                0x00000236                __vector_4
                0x00000236                __vector_44
                0x00000236                __vector_106
                0x00000236                __vector_118
                0x00000236                __vector_9
                0x00000236                __vector_2
                0x00000236                __vector_66
                0x00000236                __vector_36
                0x00000236                __vector_58
                0x00000236                __vector_70
                0x00000236                __vector_29
                0x00000236                __vector_60
                0x00000236                __vector_121
                0x00000236                __vector_40
                0x00000236                __vector_94
                0x00000236                __vector_126
                0x00000236                __vector_8
                0x00000236                __vector_26
                0x00000236                __vector_124
                0x00000236                __vector_116
                0x00000236                __vector_112
                0x00000236                __vector_111
                0x00000236                __vector_57
                0x00000236                __vector_53
                0x00000236                __vector_10
                0x00000236                __vector_59
                0x00000236                __vector_97
                0x00000236                __vector_42
                0x00000236                __vector_87
                0x00000236                __vector_65
                0x00000236                __vector_120
                0x00000238                . = ALIGN (0x2)
 *(.text.*)
 .text.spi_xmega_set_baud_div
                0x00000238       0x90 src/ASF/xmega/drivers/spi/spi.o
                0x00000238                spi_xmega_set_baud_div
 .text.MS5611_calculate
                0x000002c8      0x4d4 src/MS5611.o
                0x000002c8                MS5611_calculate
 .text.MS5611_reset
                0x0000079c       0x32 src/MS5611.o
                0x0000079c                MS5611_reset
 .text.MS5611_read_PROM
                0x000007ce       0xd8 src/MS5611.o
                0x000007ce                MS5611_read_PROM
 .text.MS5611_D_read
                0x000008a6      0x144 src/MS5611.o
                0x000008a6                MS5611_D_read
 .text.MS5611_measure
                0x000009ea       0x84 src/MS5611.o
                0x000009ea                MS5611_measure
 .text.NRF24L01_L_RF_TX
                0x00000a6e       0x18 src/NRF24l01c.o
                0x00000a6e                NRF24L01_L_RF_TX
 .text.SPI_L    0x00000a86       0x14 src/NRF24l01c.o
                0x00000a86                SPI_L
 .text.NRF24L01_L_ReadReg
                0x00000a9a       0x1e src/NRF24l01c.o
                0x00000a9a                NRF24L01_L_ReadReg
 .text.NRF24L01_L_WriteReg
                0x00000ab8       0x2c src/NRF24l01c.o
                0x00000ab8                NRF24L01_L_WriteReg
 .text.NRF24L01_L_Set_CH
                0x00000ae4        0xa src/NRF24l01c.o
                0x00000ae4                NRF24L01_L_Set_CH
 .text.NRF24L01_L_Set_ShockBurst
                0x00000aee       0x14 src/NRF24l01c.o
                0x00000aee                NRF24L01_L_Set_ShockBurst
 .text.NRF24L01_L_Set_Address_Width
                0x00000b02        0x8 src/NRF24l01c.o
                0x00000b02                NRF24L01_L_Set_Address_Width
 .text.NRF24L01_L_Clear_Interrupts
                0x00000b0a        0x8 src/NRF24l01c.o
                0x00000b0a                NRF24L01_L_Clear_Interrupts
 .text.NRF24L01_L_WriteRegBuf
                0x00000b12       0x4e src/NRF24l01c.o
                0x00000b12                NRF24L01_L_WriteRegBuf
 .text.NRF24L01_L_Set_RX_Pipe
                0x00000b60       0x54 src/NRF24l01c.o
                0x00000b60                NRF24L01_L_Set_RX_Pipe
 .text.NRF24L01_L_Set_TX_Address
                0x00000bb4        0xa src/NRF24l01c.o
                0x00000bb4                NRF24L01_L_Set_TX_Address
 .text.NRF24L01_L_Init
                0x00000bbe       0x6a src/NRF24l01c.o
                0x00000bbe                NRF24L01_L_Init
 .text.NRF24L01_L_Write_TX_Buf
                0x00000c28        0xa src/NRF24l01c.o
                0x00000c28                NRF24L01_L_Write_TX_Buf
 .text.NRF24L01_L_Flush_TX
                0x00000c32       0x1c src/NRF24l01c.o
                0x00000c32                NRF24L01_L_Flush_TX
 .text.NRF24L01_L_Flush_RX
                0x00000c4e       0x1c src/NRF24l01c.o
                0x00000c4e                NRF24L01_L_Flush_RX
 .text.NRF_init
                0x00000c6a       0x9c src/NRF24l01c.o
                0x00000c6a                NRF_init
 .text.NRF_send
                0x00000d06       0x24 src/NRF24l01c.o
                0x00000d06                NRF_send
 .text.PTX_IRQ  0x00000d2a       0x18 src/NRF24l01c.o
                0x00000d2a                PTX_IRQ
 .text.NrF_Fill_Data
                0x00000d42       0x86 src/NRF24l01c.o
                0x00000d42                NrF_Fill_Data
 .text.Nrf_Empty_Data
                0x00000dc8       0x40 src/NRF24l01c.o
                0x00000dc8                Nrf_Empty_Data
 .text.NRF_Transmit
                0x00000e08       0x26 src/NRF24l01c.o
                0x00000e08                NRF_Transmit
 .text.UART_SEND
                0x00000e2e       0x32 src/setting.o
                0x00000e2e                UART_SEND
 .text.En_RC32M
                0x00000e60       0x2a src/setting.o
                0x00000e60                En_RC32M
 .text.PORT_init
                0x00000e8a       0x50 src/setting.o
                0x00000e8a                PORT_init
 .text.USARTD0_init
                0x00000eda       0x42 src/setting.o
                0x00000eda                USARTD0_init
 .text.TimerD0_init
                0x00000f1c       0x34 src/setting.o
                0x00000f1c                TimerD0_init
 .text.SPI_Init
                0x00000f50       0x30 src/setting.o
                0x00000f50                SPI_Init
 .text.set_micro
                0x00000f80       0x2c src/setting.o
                0x00000f80                set_micro
 .text.SHT_WriteByte
                0x00000fac       0x5a src/SHT11.o
                0x00000fac                SHT_WriteByte
 .text.SHT_ReadByte
                0x00001006       0x6a src/SHT11.o
                0x00001006                SHT_ReadByte
 .text.s_transstart
                0x00001070       0x66 src/SHT11.o
                0x00001070                s_transstart
 .text.s_connectionreset
                0x000010d6       0x2e src/SHT11.o
                0x000010d6                s_connectionreset
 .text.SHT11_softreset
                0x00001104        0x8 src/SHT11.o
                0x00001104                SHT11_softreset
 .text.s_measure
                0x0000110c       0xaa src/SHT11.o
                0x0000110c                s_measure
 .text.calc_sth11
                0x000011b6      0x178 src/SHT11.o
                0x000011b6                calc_sth11
 .text.SHT11_measure
                0x0000132e      0x15a src/SHT11.o
                0x0000132e                SHT11_measure
 .text.TWI_MasterInit
                0x00001488       0x22 src/twi_master_driver.o
                0x00001488                TWI_MasterInit
 .text.TWI_MasterWriteRead
                0x000014aa       0x88 src/twi_master_driver.o
                0x000014aa                TWI_MasterWriteRead
 .text.TWI_MasterArbitrationLostBusErrorHandler
                0x00001532       0x24 src/twi_master_driver.o
                0x00001532                TWI_MasterArbitrationLostBusErrorHandler
 .text.TWI_MasterWriteHandler
                0x00001556       0x64 src/twi_master_driver.o
                0x00001556                TWI_MasterWriteHandler
 .text.TWI_MasterReadHandler
                0x000015ba       0x5a src/twi_master_driver.o
                0x000015ba                TWI_MasterReadHandler
 .text.TWI_MasterInterruptHandler
                0x00001614       0x2c src/twi_master_driver.o
                0x00001614                TWI_MasterInterruptHandler
 .text.sysclk_enable_module
                0x00001640       0x18 src/ASF/common/services/clock/xmega/sysclk.o
                0x00001640                sysclk_enable_module
 .text.__vector_14
                0x00001658       0x52 src/ASF/xmega/drivers/tc/tc.o
                0x00001658                __vector_14
 .text.__vector_15
                0x000016aa       0x52 src/ASF/xmega/drivers/tc/tc.o
                0x000016aa                __vector_15
 .text.__vector_16
                0x000016fc       0x52 src/ASF/xmega/drivers/tc/tc.o
                0x000016fc                __vector_16
 .text.__vector_17
                0x0000174e       0x52 src/ASF/xmega/drivers/tc/tc.o
                0x0000174e                __vector_17
 .text.__vector_18
                0x000017a0       0x52 src/ASF/xmega/drivers/tc/tc.o
                0x000017a0                __vector_18
 .text.__vector_19
                0x000017f2       0x52 src/ASF/xmega/drivers/tc/tc.o
                0x000017f2                __vector_19
 .text.__vector_20
                0x00001844       0x52 src/ASF/xmega/drivers/tc/tc.o
                0x00001844                __vector_20
 .text.__vector_21
                0x00001896       0x52 src/ASF/xmega/drivers/tc/tc.o
                0x00001896                __vector_21
 .text.__vector_22
                0x000018e8       0x52 src/ASF/xmega/drivers/tc/tc.o
                0x000018e8                __vector_22
 .text.__vector_23
                0x0000193a       0x52 src/ASF/xmega/drivers/tc/tc.o
                0x0000193a                __vector_23
 .text.__vector_78
                0x0000198c       0x52 src/ASF/xmega/drivers/tc/tc.o
                0x0000198c                __vector_78
 .text.__vector_79
                0x000019de       0x52 src/ASF/xmega/drivers/tc/tc.o
                0x000019de                __vector_79
 .text.__vector_80
                0x00001a30       0x52 src/ASF/xmega/drivers/tc/tc.o
                0x00001a30                __vector_80
 .text.__vector_81
                0x00001a82       0x52 src/ASF/xmega/drivers/tc/tc.o
                0x00001a82                __vector_81
 .text.__vector_82
                0x00001ad4       0x52 src/ASF/xmega/drivers/tc/tc.o
                0x00001ad4                __vector_82
 .text.__vector_83
                0x00001b26       0x52 src/ASF/xmega/drivers/tc/tc.o
                0x00001b26                __vector_83
 .text.__vector_84
                0x00001b78       0x52 src/ASF/xmega/drivers/tc/tc.o
                0x00001b78                __vector_84
 .text.__vector_85
                0x00001bca       0x52 src/ASF/xmega/drivers/tc/tc.o
                0x00001bca                __vector_85
 .text.__vector_86
                0x00001c1c       0x52 src/ASF/xmega/drivers/tc/tc.o
                0x00001c1c                __vector_86
 .text.__vector_47
                0x00001c6e       0x52 src/ASF/xmega/drivers/tc/tc.o
                0x00001c6e                __vector_47
 .text.__vector_48
                0x00001cc0       0x52 src/ASF/xmega/drivers/tc/tc.o
                0x00001cc0                __vector_48
 .text.__vector_49
                0x00001d12       0x52 src/ASF/xmega/drivers/tc/tc.o
                0x00001d12                __vector_49
 .text.__vector_50
                0x00001d64       0x52 src/ASF/xmega/drivers/tc/tc.o
                0x00001d64                __vector_50
 .text.__vector_51
                0x00001db6       0x52 src/ASF/xmega/drivers/tc/tc.o
                0x00001db6                __vector_51
 .text.__vector_52
                0x00001e08       0x52 src/ASF/xmega/drivers/tc/tc.o
                0x00001e08                __vector_52
 .text.tc_enable
                0x00001e5a       0x90 src/ASF/xmega/drivers/tc/tc.o
                0x00001e5a                tc_enable
 .text.usart_putchar
                0x00001eea       0x10 src/ASF/xmega/drivers/usart/usart.o
                0x00001eea                usart_putchar
 .text.usart_set_baudrate
                0x00001efa      0x20c src/ASF/xmega/drivers/usart/usart.o
                0x00001efa                usart_set_baudrate
 .text.main     0x00002106       0x24 src/main.o
                0x00002106                main
 .text.__vector_13
                0x0000212a       0x4a src/main.o
                0x0000212a                __vector_13
 .text.__vector_77
                0x00002174       0x1e src/main.o
                0x00002174                __vector_77
 .text.__vector_43
                0x00002192       0x48 src/main.o
                0x00002192                __vector_43
 .text.avr-libc.fplib
                0x000021da        0xa c:/program files/atmel/atmel toolchain/avr8 gcc/native/3.4.1061/avr8-gnu-toolchain/bin/../lib/gcc/avr/4.8.1/../../../../avr/lib/avrxmega2\libm.a(addsf3.o)
                0x000021da                __subsf3
                0x000021dc                __addsf3
 .text.avr-libc.fplib
                0x000021e4       0xc0 c:/program files/atmel/atmel toolchain/avr8 gcc/native/3.4.1061/avr8-gnu-toolchain/bin/../lib/gcc/avr/4.8.1/../../../../avr/lib/avrxmega2\libm.a(addsf3x.o)
                0x000021fe                __addsf3x
 .text.avr-libc.fplib
                0x000022a4        0x8 c:/program files/atmel/atmel toolchain/avr8 gcc/native/3.4.1061/avr8-gnu-toolchain/bin/../lib/gcc/avr/4.8.1/../../../../avr/lib/avrxmega2\libm.a(cmpsf2.o)
                0x000022a4                __nesf2
                0x000022a4                __eqsf2
                0x000022a4                __cmpsf2
                0x000022a4                __ltsf2
                0x000022a4                __lesf2
 .text.avr-libc.fplib
                0x000022ac        0x4 c:/program files/atmel/atmel toolchain/avr8 gcc/native/3.4.1061/avr8-gnu-toolchain/bin/../lib/gcc/avr/4.8.1/../../../../avr/lib/avrxmega2\libm.a(divsf3.o)
                0x000022ac                __divsf3
 .text.avr-libc.fplib
                0x000022b0       0xcc c:/program files/atmel/atmel toolchain/avr8 gcc/native/3.4.1061/avr8-gnu-toolchain/bin/../lib/gcc/avr/4.8.1/../../../../avr/lib/avrxmega2\libm.a(divsf3x.o)
                0x000022c6                __divsf3x
                0x000022ca                __divsf3_pse
 .text.avr-libc.fplib
                0x0000237c        0xa c:/program files/atmel/atmel toolchain/avr8 gcc/native/3.4.1061/avr8-gnu-toolchain/bin/../lib/gcc/avr/4.8.1/../../../../avr/lib/avrxmega2\libm.a(fixsfsi.o)
                0x0000237c                __fixsfsi
 .text.avr-libc.fplib
                0x00002386       0x58 c:/program files/atmel/atmel toolchain/avr8 gcc/native/3.4.1061/avr8-gnu-toolchain/bin/../lib/gcc/avr/4.8.1/../../../../avr/lib/avrxmega2\libm.a(fixunssfsi.o)
                0x00002386                __fixunssfsi
 .text.avr-libc.fplib
                0x000023de       0x7a c:/program files/atmel/atmel toolchain/avr8 gcc/native/3.4.1061/avr8-gnu-toolchain/bin/../lib/gcc/avr/4.8.1/../../../../avr/lib/avrxmega2\libm.a(floatsisf.o)
                0x000023de                __floatunsisf
                0x000023e2                __floatsisf
 .text.avr-libc.fplib
                0x00002458       0x48 c:/program files/atmel/atmel toolchain/avr8 gcc/native/3.4.1061/avr8-gnu-toolchain/bin/../lib/gcc/avr/4.8.1/../../../../avr/lib/avrxmega2\libm.a(fp_cmp.o)
                0x00002458                __fp_cmp
 .text.avr-libc.fplib
                0x000024a0        0xc c:/program files/atmel/atmel toolchain/avr8 gcc/native/3.4.1061/avr8-gnu-toolchain/bin/../lib/gcc/avr/4.8.1/../../../../avr/lib/avrxmega2\libm.a(fp_inf.o)
                0x000024a0                __fp_inf
 .text.avr-libc.fplib
                0x000024ac        0x6 c:/program files/atmel/atmel toolchain/avr8 gcc/native/3.4.1061/avr8-gnu-toolchain/bin/../lib/gcc/avr/4.8.1/../../../../avr/lib/avrxmega2\libm.a(fp_nan.o)
                0x000024ac                __fp_nan
 .text.avr-libc.fplib
                0x000024b2        0xe c:/program files/atmel/atmel toolchain/avr8 gcc/native/3.4.1061/avr8-gnu-toolchain/bin/../lib/gcc/avr/4.8.1/../../../../avr/lib/avrxmega2\libm.a(fp_pscA.o)
                0x000024b2                __fp_pscA
 .text.avr-libc.fplib
                0x000024c0        0xe c:/program files/atmel/atmel toolchain/avr8 gcc/native/3.4.1061/avr8-gnu-toolchain/bin/../lib/gcc/avr/4.8.1/../../../../avr/lib/avrxmega2\libm.a(fp_pscB.o)
                0x000024c0                __fp_pscB
 .text.avr-libc.fplib
                0x000024ce       0x22 c:/program files/atmel/atmel toolchain/avr8 gcc/native/3.4.1061/avr8-gnu-toolchain/bin/../lib/gcc/avr/4.8.1/../../../../avr/lib/avrxmega2\libm.a(fp_round.o)
                0x000024ce                __fp_round
 .text.avr-libc.fplib
                0x000024f0       0x44 c:/program files/atmel/atmel toolchain/avr8 gcc/native/3.4.1061/avr8-gnu-toolchain/bin/../lib/gcc/avr/4.8.1/../../../../avr/lib/avrxmega2\libm.a(fp_split3.o)
                0x000024f0                __fp_split3
                0x00002500                __fp_splitA
 .text.avr-libc.fplib
                0x00002534        0xe c:/program files/atmel/atmel toolchain/avr8 gcc/native/3.4.1061/avr8-gnu-toolchain/bin/../lib/gcc/avr/4.8.1/../../../../avr/lib/avrxmega2\libm.a(fp_zero.o)
                0x00002534                __fp_zero
                0x00002536                __fp_szero
 .text.avr-libc.fplib
                0x00002542        0x8 c:/program files/atmel/atmel toolchain/avr8 gcc/native/3.4.1061/avr8-gnu-toolchain/bin/../lib/gcc/avr/4.8.1/../../../../avr/lib/avrxmega2\libm.a(gesf2.o)
                0x00002542                __gesf2
                0x00002542                __gtsf2
 .text.avr-libc.fplib
                0x0000254a        0x4 c:/program files/atmel/atmel toolchain/avr8 gcc/native/3.4.1061/avr8-gnu-toolchain/bin/../lib/gcc/avr/4.8.1/../../../../avr/lib/avrxmega2\libm.a(mulsf3.o)
                0x0000254a                __mulsf3
 .text.avr-libc.fplib
                0x0000254e       0xc2 c:/program files/atmel/atmel toolchain/avr8 gcc/native/3.4.1061/avr8-gnu-toolchain/bin/../lib/gcc/avr/4.8.1/../../../../avr/lib/avrxmega2\libm.a(mulsf3x.o)
                0x00002562                __mulsf3x
                0x00002566                __mulsf3_pse
 .text.libgcc.div
                0x00002610       0x44 c:/program files/atmel/atmel toolchain/avr8 gcc/native/3.4.1061/avr8-gnu-toolchain/bin/../lib/gcc/avr/4.8.1/avrxmega2\libgcc.a(_udivmodsi4.o)
                0x00002610                __udivmodsi4
 .text.avr-libc
                0x00002654       0x3e c:/program files/atmel/atmel toolchain/avr8 gcc/native/3.4.1061/avr8-gnu-toolchain/bin/../lib/gcc/avr/4.8.1/../../../../avr/lib/avrxmega2\libc.a(sprintf.o)
                0x00002654                sprintf
 .text.avr-libc
                0x00002692      0x386 c:/program files/atmel/atmel toolchain/avr8 gcc/native/3.4.1061/avr8-gnu-toolchain/bin/../lib/gcc/avr/4.8.1/../../../../avr/lib/avrxmega2\libc.a(vfprintf_std.o)
                0x00002692                vfprintf
 .text.avr-libc
                0x00002a18       0x16 c:/program files/atmel/atmel toolchain/avr8 gcc/native/3.4.1061/avr8-gnu-toolchain/bin/../lib/gcc/avr/4.8.1/../../../../avr/lib/avrxmega2\libc.a(strnlen_P.o)
                0x00002a18                strnlen_P
 .text.avr-libc
                0x00002a2e       0x16 c:/program files/atmel/atmel toolchain/avr8 gcc/native/3.4.1061/avr8-gnu-toolchain/bin/../lib/gcc/avr/4.8.1/../../../../avr/lib/avrxmega2\libc.a(strnlen.o)
                0x00002a2e                strnlen
 .text.avr-libc
                0x00002a44       0x64 c:/program files/atmel/atmel toolchain/avr8 gcc/native/3.4.1061/avr8-gnu-toolchain/bin/../lib/gcc/avr/4.8.1/../../../../avr/lib/avrxmega2\libc.a(fputc.o)
                0x00002a44                fputc
 .text.avr-libc
                0x00002aa8       0xbc c:/program files/atmel/atmel toolchain/avr8 gcc/native/3.4.1061/avr8-gnu-toolchain/bin/../lib/gcc/avr/4.8.1/../../../../avr/lib/avrxmega2\libc.a(ultoa_invert.o)
                0x00002aa8                __ultoa_invert
 .text.libgcc.prologue
                0x00002b64       0x32 c:/program files/atmel/atmel toolchain/avr8 gcc/native/3.4.1061/avr8-gnu-toolchain/bin/../lib/gcc/avr/4.8.1/avrxmega2\libgcc.a(_prologue.o)
                0x00002b64                __prologue_saves__
 .text.libgcc.prologue
                0x00002b96       0x30 c:/program files/atmel/atmel toolchain/avr8 gcc/native/3.4.1061/avr8-gnu-toolchain/bin/../lib/gcc/avr/4.8.1/avrxmega2\libgcc.a(_epilogue.o)
                0x00002b96                __epilogue_restores__
                0x00002bc6                . = ALIGN (0x2)
 *(.fini9)
 .fini9         0x00002bc6        0x0 c:/program files/atmel/atmel toolchain/avr8 gcc/native/3.4.1061/avr8-gnu-toolchain/bin/../lib/gcc/avr/4.8.1/avrxmega2\libgcc.a(_exit.o)
                0x00002bc6                _exit
                0x00002bc6                exit
 *(.fini9)
 *(.fini8)
 *(.fini8)
 *(.fini7)
 *(.fini7)
 *(.fini6)
 *(.fini6)
 *(.fini5)
 *(.fini5)
 *(.fini4)
 *(.fini4)
 *(.fini3)
 *(.fini3)
 *(.fini2)
 *(.fini2)
 *(.fini1)
 *(.fini1)
 *(.fini0)
 .fini0         0x00002bc6        0x4 c:/program files/atmel/atmel toolchain/avr8 gcc/native/3.4.1061/avr8-gnu-toolchain/bin/../lib/gcc/avr/4.8.1/avrxmega2\libgcc.a(_exit.o)
 *(.fini0)
                0x00002bca                _etext = .

.data           0x00802000       0x3c load address 0x00002bca
                0x00802000                PROVIDE (__data_start, .)
 *(.data)
 *(.data*)
 .data.MS5611_flag
                0x00802000        0x1 src/MS5611.o
                0x00802000                MS5611_flag
 *(.rodata)
 *(.rodata*)
 .rodata.str1.1
                0x00802001       0x22 src/MS5611.o
 .rodata.str1.1
                0x00802023       0x19 src/SHT11.o
 *(.gnu.linkonce.d*)
                0x0080203c                . = ALIGN (0x2)
                0x0080203c                _edata = .
                0x0080203c                PROVIDE (__data_end, .)

.bss            0x0080203c      0x10f
                0x0080203c                PROVIDE (__bss_start, .)
 *(.bss)
 *(.bss*)
 .bss.tc_tce0_ccd_callback
                0x0080203c        0x2 src/ASF/xmega/drivers/tc/tc.o
 .bss.tc_tce0_ccc_callback
                0x0080203e        0x2 src/ASF/xmega/drivers/tc/tc.o
 .bss.tc_tce0_ccb_callback
                0x00802040        0x2 src/ASF/xmega/drivers/tc/tc.o
 .bss.tc_tce0_cca_callback
                0x00802042        0x2 src/ASF/xmega/drivers/tc/tc.o
 .bss.tc_tce0_err_callback
                0x00802044        0x2 src/ASF/xmega/drivers/tc/tc.o
 .bss.tc_tce0_ovf_callback
                0x00802046        0x2 src/ASF/xmega/drivers/tc/tc.o
 .bss.tc_tcd1_ccb_callback
                0x00802048        0x2 src/ASF/xmega/drivers/tc/tc.o
 .bss.tc_tcd1_cca_callback
                0x0080204a        0x2 src/ASF/xmega/drivers/tc/tc.o
 .bss.tc_tcd1_err_callback
                0x0080204c        0x2 src/ASF/xmega/drivers/tc/tc.o
 .bss.tc_tcd1_ovf_callback
                0x0080204e        0x2 src/ASF/xmega/drivers/tc/tc.o
 .bss.tc_tcd0_ccd_callback
                0x00802050        0x2 src/ASF/xmega/drivers/tc/tc.o
 .bss.tc_tcd0_ccc_callback
                0x00802052        0x2 src/ASF/xmega/drivers/tc/tc.o
 .bss.tc_tcd0_ccb_callback
                0x00802054        0x2 src/ASF/xmega/drivers/tc/tc.o
 .bss.tc_tcd0_cca_callback
                0x00802056        0x2 src/ASF/xmega/drivers/tc/tc.o
 .bss.tc_tcd0_err_callback
                0x00802058        0x2 src/ASF/xmega/drivers/tc/tc.o
 .bss.tc_tcc1_ccb_callback
                0x0080205a        0x2 src/ASF/xmega/drivers/tc/tc.o
 .bss.tc_tcc1_cca_callback
                0x0080205c        0x2 src/ASF/xmega/drivers/tc/tc.o
 .bss.tc_tcc1_err_callback
                0x0080205e        0x2 src/ASF/xmega/drivers/tc/tc.o
 .bss.tc_tcc1_ovf_callback
                0x00802060        0x2 src/ASF/xmega/drivers/tc/tc.o
 .bss.tc_tcc0_ccd_callback
                0x00802062        0x2 src/ASF/xmega/drivers/tc/tc.o
 .bss.tc_tcc0_ccc_callback
                0x00802064        0x2 src/ASF/xmega/drivers/tc/tc.o
 .bss.tc_tcc0_ccb_callback
                0x00802066        0x2 src/ASF/xmega/drivers/tc/tc.o
 .bss.tc_tcc0_cca_callback
                0x00802068        0x2 src/ASF/xmega/drivers/tc/tc.o
 .bss.tc_tcc0_err_callback
                0x0080206a        0x2 src/ASF/xmega/drivers/tc/tc.o
 .bss.tc_tcc0_ovf_callback
                0x0080206c        0x2 src/ASF/xmega/drivers/tc/tc.o
 *(COMMON)
 COMMON         0x0080206e       0x46 src/MS5611.o
                0x0080206e                MS5611
                0x00802097                pressure
                0x0080209b                twiMaster
 COMMON         0x008020b4       0x22 src/NRF24l01c.o
                0x008020b4                Buf_Tx
                0x008020bf                Nrf
                0x008020d1                Address
 COMMON         0x008020d6       0x65 src/setting.o
                0x008020d6                data_flag
                0x008020d7                buffer
 COMMON         0x0080213b        0xa src/SHT11.o
                0x0080213b                copy_val
                0x0080213c                T
                0x00802140                H
                0x00802144                check_sum
 COMMON         0x00802145        0x6 src/ASF/common/services/sleepmgr/xmega/sleepmgr.o
                0x00802145                sleepmgr_locks
                0x0080214b                PROVIDE (__bss_end, .)
                0x00002bca                __data_load_start = LOADADDR (.data)
                0x00002c06                __data_load_end = (__data_load_start + SIZEOF (.data))

.noinit         0x0080214b        0x0
                0x0080214b                PROVIDE (__noinit_start, .)
 *(.noinit*)
                0x0080214b                PROVIDE (__noinit_end, .)
                0x0080214b                _end = .
                0x0080214b                PROVIDE (__heap_start, .)

.eeprom         0x00810000        0x0
 *(.eeprom*)
                0x00810000                __eeprom_end = .

.fuse
 *(.fuse)
 *(.lfuse)
 *(.hfuse)
 *(.efuse)

.lock
 *(.lock*)

.signature
 *(.signature*)

.user_signatures
 *(.user_signatures*)

.stab
 *(.stab)

.stabstr
 *(.stabstr)

.stab.excl
 *(.stab.excl)

.stab.exclstr
 *(.stab.exclstr)

.stab.index
 *(.stab.index)

.stab.indexstr
 *(.stab.indexstr)

.comment        0x00000000       0x5c
 *(.comment)
 .comment       0x00000000       0x30 src/ASF/xmega/drivers/spi/spi.o
                                 0x31 (size before relaxing)
 .comment       0x00000000       0x31 src/MS5611.o
 .comment       0x00000000       0x31 src/NRF24l01c.o
 .comment       0x00000000       0x31 src/setting.o
 .comment       0x00000000       0x31 src/SHT11.o
 .comment       0x00000000       0x31 src/twi_master_driver.o
 .comment       0x00000000       0x31 src/ASF/common/services/clock/xmega/sysclk.o
 .comment       0x00000000       0x31 src/ASF/common/services/sleepmgr/xmega/sleepmgr.o
 .comment       0x00000000       0x31 src/ASF/xmega/drivers/tc/tc.o
 .comment       0x00000000       0x31 src/ASF/xmega/drivers/usart/usart.o
 .comment       0x00000000       0x31 src/main.o
 .comment       0x00000000       0x31 c:/program files/atmel/atmel toolchain/avr8 gcc/native/3.4.1061/avr8-gnu-toolchain/bin/../lib/gcc/avr/4.8.1/../../../../avr/lib/avrxmega2\libc.a(sprintf.o)
 .comment       0x00000030       0x2c c:/program files/atmel/atmel toolchain/avr8 gcc/native/3.4.1061/avr8-gnu-toolchain/bin/../lib/gcc/avr/4.8.1/../../../../avr/lib/avrxmega2\libc.a(vfprintf_std.o)
                                 0x2d (size before relaxing)
 .comment       0x00000000       0x31 c:/program files/atmel/atmel toolchain/avr8 gcc/native/3.4.1061/avr8-gnu-toolchain/bin/../lib/gcc/avr/4.8.1/../../../../avr/lib/avrxmega2\libc.a(fputc.o)

.note.gnu.build-id
 *(.note.gnu.build-id)

.debug
 *(.debug)

.line
 *(.line)

.debug_srcinfo
 *(.debug_srcinfo)

.debug_sfnames
 *(.debug_sfnames)

.debug_aranges  0x00000000      0x490
 *(.debug_aranges)
 .debug_aranges
                0x00000000       0x20 src/ASF/xmega/drivers/spi/spi.o
 .debug_aranges
                0x00000020       0x40 src/MS5611.o
 .debug_aranges
                0x00000060      0x110 src/NRF24l01c.o
 .debug_aranges
                0x00000170       0x50 src/setting.o
 .debug_aranges
                0x000001c0       0x58 src/SHT11.o
 .debug_aranges
                0x00000218       0x70 src/twi_master_driver.o
 .debug_aranges
                0x00000288       0x40 src/ASF/common/services/clock/xmega/sysclk.o
 .debug_aranges
                0x000002c8       0x18 src/ASF/common/services/sleepmgr/xmega/sleepmgr.o
 .debug_aranges
                0x000002e0      0x120 src/ASF/xmega/drivers/tc/tc.o
 .debug_aranges
                0x00000400       0x58 src/ASF/xmega/drivers/usart/usart.o
 .debug_aranges
                0x00000458       0x38 src/main.o

.debug_pubnames
 *(.debug_pubnames)

.debug_info     0x00000000     0x9557
 *(.debug_info .gnu.linkonce.wi.*)
 .debug_info    0x00000000      0x1b9 src/ASF/xmega/drivers/spi/spi.o
 .debug_info    0x000001b9      0x889 src/MS5611.o
 .debug_info    0x00000a42     0x1410 src/NRF24l01c.o
 .debug_info    0x00001e52     0x13e5 src/setting.o
 .debug_info    0x00003237      0x9bd src/SHT11.o
 .debug_info    0x00003bf4      0x873 src/twi_master_driver.o
 .debug_info    0x00004467      0x6fc src/ASF/common/services/clock/xmega/sysclk.o
 .debug_info    0x00004b63      0x121 src/ASF/common/services/sleepmgr/xmega/sleepmgr.o
 .debug_info    0x00004c84     0x16d3 src/ASF/xmega/drivers/tc/tc.o
 .debug_info    0x00006357     0x2d92 src/ASF/xmega/drivers/usart/usart.o
 .debug_info    0x000090e9      0x46e src/main.o

.debug_abbrev   0x00000000     0x1a2d
 *(.debug_abbrev)
 .debug_abbrev  0x00000000       0xf6 src/ASF/xmega/drivers/spi/spi.o
 .debug_abbrev  0x000000f6      0x27e src/MS5611.o
 .debug_abbrev  0x00000374      0x38d src/NRF24l01c.o
 .debug_abbrev  0x00000701      0x2c2 src/setting.o
 .debug_abbrev  0x000009c3      0x2ea src/SHT11.o
 .debug_abbrev  0x00000cad      0x296 src/twi_master_driver.o
 .debug_abbrev  0x00000f43      0x25b src/ASF/common/services/clock/xmega/sysclk.o
 .debug_abbrev  0x0000119e       0x80 src/ASF/common/services/sleepmgr/xmega/sleepmgr.o
 .debug_abbrev  0x0000121e      0x2a7 src/ASF/xmega/drivers/tc/tc.o
 .debug_abbrev  0x000014c5      0x3e8 src/ASF/xmega/drivers/usart/usart.o
 .debug_abbrev  0x000018ad      0x180 src/main.o

.debug_line     0x00000000     0x5fd7
 *(.debug_line .debug_line.* .debug_line_end)
 .debug_line    0x00000000      0x475 src/ASF/xmega/drivers/spi/spi.o
 .debug_line    0x00000475      0x98a src/MS5611.o
 .debug_line    0x00000dff      0xdc2 src/NRF24l01c.o
 .debug_line    0x00001bc1      0x962 src/setting.o
 .debug_line    0x00002523      0xb24 src/SHT11.o
 .debug_line    0x00003047      0x5ae src/twi_master_driver.o
 .debug_line    0x000035f5      0x5ce src/ASF/common/services/clock/xmega/sysclk.o
 .debug_line    0x00003bc3      0x41e src/ASF/common/services/sleepmgr/xmega/sleepmgr.o
 .debug_line    0x00003fe1      0xc28 src/ASF/xmega/drivers/tc/tc.o
 .debug_line    0x00004c09      0xb90 src/ASF/xmega/drivers/usart/usart.o
 .debug_line    0x00005799      0x83e src/main.o

.debug_frame    0x00000000     0x1460
 *(.debug_frame)
 .debug_frame   0x00000000       0x4c src/ASF/xmega/drivers/spi/spi.o
 .debug_frame   0x0000004c      0x1a8 src/MS5611.o
 .debug_frame   0x000001f4      0x398 src/NRF24l01c.o
 .debug_frame   0x0000058c       0xc4 src/setting.o
 .debug_frame   0x00000650      0x144 src/SHT11.o
 .debug_frame   0x00000794       0xf0 src/twi_master_driver.o
 .debug_frame   0x00000884       0x64 src/ASF/common/services/clock/xmega/sysclk.o
 .debug_frame   0x000008e8      0x93c src/ASF/xmega/drivers/tc/tc.o
 .debug_frame   0x00001224      0x148 src/ASF/xmega/drivers/usart/usart.o
 .debug_frame   0x0000136c       0xf4 src/main.o

.debug_str      0x00000000    0x28017
 *(.debug_str)
 .debug_str     0x00000000    0x22f6c src/ASF/xmega/drivers/spi/spi.o
                              0x235c9 (size before relaxing)
 .debug_str     0x00022f6c     0x26ed src/MS5611.o
                              0x25c4e (size before relaxing)
 .debug_str     0x00025659      0x9e9 src/NRF24l01c.o
                              0x264a3 (size before relaxing)
 .debug_str     0x00026042      0xa8c src/setting.o
                              0x26bdc (size before relaxing)
 .debug_str     0x00026ace       0xec src/SHT11.o
                              0x25d44 (size before relaxing)
 .debug_str     0x00026bba      0x313 src/twi_master_driver.o
                              0x19629 (size before relaxing)
 .debug_str     0x00026ecd      0x328 src/ASF/common/services/clock/xmega/sysclk.o
                              0x247f1 (size before relaxing)
 .debug_str     0x000271f5       0xb3 src/ASF/common/services/sleepmgr/xmega/sleepmgr.o
                              0x2371e (size before relaxing)
 .debug_str     0x000272a8      0x5e0 src/ASF/xmega/drivers/tc/tc.o
                              0x2515a (size before relaxing)
 .debug_str     0x00027888      0x758 src/ASF/xmega/drivers/usart/usart.o
                              0x257ac (size before relaxing)
 .debug_str     0x00027fe0       0x37 src/main.o
                              0x26182 (size before relaxing)

.debug_loc      0x00000000     0x4d22
 *(.debug_loc)
 .debug_loc     0x00000000      0x105 src/ASF/xmega/drivers/spi/spi.o
 .debug_loc     0x00000105      0x682 src/MS5611.o
 .debug_loc     0x00000787      0xe47 src/NRF24l01c.o
 .debug_loc     0x000015ce      0x177 src/setting.o
 .debug_loc     0x00001745      0x631 src/SHT11.o
 .debug_loc     0x00001d76      0x617 src/twi_master_driver.o
 .debug_loc     0x0000238d      0x217 src/ASF/common/services/clock/xmega/sysclk.o
 .debug_loc     0x000025a4     0x15dd src/ASF/xmega/drivers/tc/tc.o
 .debug_loc     0x00003b81      0xfcf src/ASF/xmega/drivers/usart/usart.o
 .debug_loc     0x00004b50      0x1d2 src/main.o

.debug_macinfo
 *(.debug_macinfo)

.debug_weaknames
 *(.debug_weaknames)

.debug_funcnames
 *(.debug_funcnames)

.debug_typenames
 *(.debug_typenames)

.debug_varnames
 *(.debug_varnames)

.debug_pubtypes
 *(.debug_pubtypes)

.debug_ranges   0x00000000      0x410
 *(.debug_ranges)
 .debug_ranges  0x00000000       0x10 src/ASF/xmega/drivers/spi/spi.o
 .debug_ranges  0x00000010       0x30 src/MS5611.o
 .debug_ranges  0x00000040      0x100 src/NRF24l01c.o
 .debug_ranges  0x00000140       0x40 src/setting.o
 .debug_ranges  0x00000180       0x48 src/SHT11.o
 .debug_ranges  0x000001c8       0x60 src/twi_master_driver.o
 .debug_ranges  0x00000228       0x30 src/ASF/common/services/clock/xmega/sysclk.o
 .debug_ranges  0x00000258      0x110 src/ASF/xmega/drivers/tc/tc.o
 .debug_ranges  0x00000368       0x80 src/ASF/xmega/drivers/usart/usart.o
 .debug_ranges  0x000003e8       0x28 src/main.o

.debug_macro    0x00000000     0xa4d7
 *(.debug_macro)
 .debug_macro   0x00000000      0x194 src/ASF/xmega/drivers/spi/spi.o
 .debug_macro   0x00000194      0xa3c src/ASF/xmega/drivers/spi/spi.o
 .debug_macro   0x00000bd0       0x10 src/ASF/xmega/drivers/spi/spi.o
 .debug_macro   0x00000be0      0x1ad src/ASF/xmega/drivers/spi/spi.o
 .debug_macro   0x00000d8d      0x293 src/ASF/xmega/drivers/spi/spi.o
 .debug_macro   0x00001020       0x9e src/ASF/xmega/drivers/spi/spi.o
 .debug_macro   0x000010be     0x5486 src/ASF/xmega/drivers/spi/spi.o
 .debug_macro   0x00006544       0x9a src/ASF/xmega/drivers/spi/spi.o
 .debug_macro   0x000065de       0xf1 src/ASF/xmega/drivers/spi/spi.o
 .debug_macro   0x000066cf       0x34 src/ASF/xmega/drivers/spi/spi.o
 .debug_macro   0x00006703       0x10 src/ASF/xmega/drivers/spi/spi.o
 .debug_macro   0x00006713       0x18 src/ASF/xmega/drivers/spi/spi.o
 .debug_macro   0x0000672b       0x5e src/ASF/xmega/drivers/spi/spi.o
 .debug_macro   0x00006789       0x10 src/ASF/xmega/drivers/spi/spi.o
 .debug_macro   0x00006799       0x22 src/ASF/xmega/drivers/spi/spi.o
 .debug_macro   0x000067bb      0x166 src/ASF/xmega/drivers/spi/spi.o
 .debug_macro   0x00006921       0x1c src/ASF/xmega/drivers/spi/spi.o
 .debug_macro   0x0000693d       0x35 src/ASF/xmega/drivers/spi/spi.o
 .debug_macro   0x00006972       0x66 src/ASF/xmega/drivers/spi/spi.o
 .debug_macro   0x000069d8      0x4b5 src/ASF/xmega/drivers/spi/spi.o
 .debug_macro   0x00006e8d       0x97 src/ASF/xmega/drivers/spi/spi.o
 .debug_macro   0x00006f24       0x17 src/ASF/xmega/drivers/spi/spi.o
 .debug_macro   0x00006f3b      0x250 src/ASF/xmega/drivers/spi/spi.o
 .debug_macro   0x0000718b       0x76 src/ASF/xmega/drivers/spi/spi.o
 .debug_macro   0x00007201       0x16 src/ASF/xmega/drivers/spi/spi.o
 .debug_macro   0x00007217      0x6e0 src/ASF/xmega/drivers/spi/spi.o
 .debug_macro   0x000078f7       0x10 src/ASF/xmega/drivers/spi/spi.o
 .debug_macro   0x00007907      0x175 src/ASF/xmega/drivers/spi/spi.o
 .debug_macro   0x00007a7c       0x40 src/ASF/xmega/drivers/spi/spi.o
 .debug_macro   0x00007abc       0x69 src/ASF/xmega/drivers/spi/spi.o
 .debug_macro   0x00007b25       0x32 src/ASF/xmega/drivers/spi/spi.o
 .debug_macro   0x00007b57       0xe4 src/ASF/xmega/drivers/spi/spi.o
 .debug_macro   0x00007c3b       0x7c src/ASF/xmega/drivers/spi/spi.o
 .debug_macro   0x00007cb7      0x30a src/MS5611.o
 .debug_macro   0x00007fc1       0x34 src/MS5611.o
 .debug_macro   0x00007ff5      0x237 src/MS5611.o
 .debug_macro   0x0000822c       0x26 src/MS5611.o
 .debug_macro   0x00008252       0x5e src/MS5611.o
 .debug_macro   0x000082b0       0x10 src/MS5611.o
 .debug_macro   0x000082c0       0x22 src/MS5611.o
 .debug_macro   0x000082e2       0x66 src/MS5611.o
 .debug_macro   0x00008348       0x2f src/MS5611.o
 .debug_macro   0x00008377      0x154 src/MS5611.o
 .debug_macro   0x000084cb       0x18 src/MS5611.o
 .debug_macro   0x000084e3       0x3a src/MS5611.o
 .debug_macro   0x0000851d      0x167 src/MS5611.o
 .debug_macro   0x00008684       0x58 src/MS5611.o
 .debug_macro   0x000086dc       0x10 src/MS5611.o
 .debug_macro   0x000086ec       0xeb src/MS5611.o
 .debug_macro   0x000087d7       0x16 src/MS5611.o
 .debug_macro   0x000087ed       0x40 src/MS5611.o
 .debug_macro   0x0000882d       0x22 src/MS5611.o
 .debug_macro   0x0000884f       0x5e src/MS5611.o
 .debug_macro   0x000088ad       0x22 src/MS5611.o
 .debug_macro   0x000088cf      0x322 src/NRF24l01c.o
 .debug_macro   0x00008bf1      0x1c6 src/NRF24l01c.o
 .debug_macro   0x00008db7       0x46 src/NRF24l01c.o
 .debug_macro   0x00008dfd       0x1c src/NRF24l01c.o
 .debug_macro   0x00008e19      0x32b src/setting.o
 .debug_macro   0x00009144       0x1c src/setting.o
 .debug_macro   0x00009160       0x2e src/setting.o
 .debug_macro   0x0000918e      0x313 src/SHT11.o
 .debug_macro   0x000094a1      0x113 src/twi_master_driver.o
 .debug_macro   0x000095b4       0x10 src/twi_master_driver.o
 .debug_macro   0x000095c4      0x10e src/twi_master_driver.o
 .debug_macro   0x000096d2       0x10 src/twi_master_driver.o
 .debug_macro   0x000096e2      0x299 src/twi_master_driver.o
 .debug_macro   0x0000997b       0x12 src/twi_master_driver.o
 .debug_macro   0x0000998d       0x10 src/twi_master_driver.o
 .debug_macro   0x0000999d      0x1e6 src/ASF/common/services/clock/xmega/sysclk.o
 .debug_macro   0x00009b83      0x1a3 src/ASF/common/services/sleepmgr/xmega/sleepmgr.o
 .debug_macro   0x00009d26      0x230 src/ASF/xmega/drivers/tc/tc.o
 .debug_macro   0x00009f56       0x12 src/ASF/xmega/drivers/tc/tc.o
 .debug_macro   0x00009f68      0x219 src/ASF/xmega/drivers/usart/usart.o
 .debug_macro   0x0000a181       0x34 src/ASF/xmega/drivers/usart/usart.o
 .debug_macro   0x0000a1b5      0x322 src/main.o
OUTPUT(KN2CSat.elf elf32-avr)
LOAD linker stubs
